Archive member included to satisfy reference by file (symbol)

D:/tool/Embedded/STM32/STM32CubeIDE_2.0.0/STM32CubeIDE/plugins/com.st.stm32cube.ide.mcu.externaltools.gnu-tools-for-stm32.13.3.rel1.win32_1.0.100.202509120712/tools/bin/../lib/gcc/arm-none-eabi/13.3.1/../../../../arm-none-eabi/lib/thumb/v7e-m+fp/hard\libc_nano.a(libc_a-atoi.o)
                              ./Core/Src/esp32_bridge.o (atoi)
D:/tool/Embedded/STM32/STM32CubeIDE_2.0.0/STM32CubeIDE/plugins/com.st.stm32cube.ide.mcu.externaltools.gnu-tools-for-stm32.13.3.rel1.win32_1.0.100.202509120712/tools/bin/../lib/gcc/arm-none-eabi/13.3.1/../../../../arm-none-eabi/lib/thumb/v7e-m+fp/hard\libc_nano.a(libc_a-exit.o)
                              D:/tool/Embedded/STM32/STM32CubeIDE_2.0.0/STM32CubeIDE/plugins/com.st.stm32cube.ide.mcu.externaltools.gnu-tools-for-stm32.13.3.rel1.win32_1.0.100.202509120712/tools/bin/../lib/gcc/arm-none-eabi/13.3.1/../../../../arm-none-eabi/lib/thumb/v7e-m+fp/hard/crt0.o (exit)
D:/tool/Embedded/STM32/STM32CubeIDE_2.0.0/STM32CubeIDE/plugins/com.st.stm32cube.ide.mcu.externaltools.gnu-tools-for-stm32.13.3.rel1.win32_1.0.100.202509120712/tools/bin/../lib/gcc/arm-none-eabi/13.3.1/../../../../arm-none-eabi/lib/thumb/v7e-m+fp/hard\libc_nano.a(libc_a-strtol.o)
                              D:/tool/Embedded/STM32/STM32CubeIDE_2.0.0/STM32CubeIDE/plugins/com.st.stm32cube.ide.mcu.externaltools.gnu-tools-for-stm32.13.3.rel1.win32_1.0.100.202509120712/tools/bin/../lib/gcc/arm-none-eabi/13.3.1/../../../../arm-none-eabi/lib/thumb/v7e-m+fp/hard\libc_nano.a(libc_a-atoi.o) (_strtol_r)
D:/tool/Embedded/STM32/STM32CubeIDE_2.0.0/STM32CubeIDE/plugins/com.st.stm32cube.ide.mcu.externaltools.gnu-tools-for-stm32.13.3.rel1.win32_1.0.100.202509120712/tools/bin/../lib/gcc/arm-none-eabi/13.3.1/../../../../arm-none-eabi/lib/thumb/v7e-m+fp/hard\libc_nano.a(libc_a-ctype_.o)
                              D:/tool/Embedded/STM32/STM32CubeIDE_2.0.0/STM32CubeIDE/plugins/com.st.stm32cube.ide.mcu.externaltools.gnu-tools-for-stm32.13.3.rel1.win32_1.0.100.202509120712/tools/bin/../lib/gcc/arm-none-eabi/13.3.1/../../../../arm-none-eabi/lib/thumb/v7e-m+fp/hard\libc_nano.a(libc_a-strtol.o) (_ctype_)
D:/tool/Embedded/STM32/STM32CubeIDE_2.0.0/STM32CubeIDE/plugins/com.st.stm32cube.ide.mcu.externaltools.gnu-tools-for-stm32.13.3.rel1.win32_1.0.100.202509120712/tools/bin/../lib/gcc/arm-none-eabi/13.3.1/../../../../arm-none-eabi/lib/thumb/v7e-m+fp/hard\libc_nano.a(libc_a-findfp.o)
                              D:/tool/Embedded/STM32/STM32CubeIDE_2.0.0/STM32CubeIDE/plugins/com.st.stm32cube.ide.mcu.externaltools.gnu-tools-for-stm32.13.3.rel1.win32_1.0.100.202509120712/tools/bin/../lib/gcc/arm-none-eabi/13.3.1/../../../../arm-none-eabi/lib/thumb/v7e-m+fp/hard\libc_nano.a(libc_a-exit.o) (__stdio_exit_handler)
D:/tool/Embedded/STM32/STM32CubeIDE_2.0.0/STM32CubeIDE/plugins/com.st.stm32cube.ide.mcu.externaltools.gnu-tools-for-stm32.13.3.rel1.win32_1.0.100.202509120712/tools/bin/../lib/gcc/arm-none-eabi/13.3.1/../../../../arm-none-eabi/lib/thumb/v7e-m+fp/hard\libc_nano.a(libc_a-fwalk.o)
                              D:/tool/Embedded/STM32/STM32CubeIDE_2.0.0/STM32CubeIDE/plugins/com.st.stm32cube.ide.mcu.externaltools.gnu-tools-for-stm32.13.3.rel1.win32_1.0.100.202509120712/tools/bin/../lib/gcc/arm-none-eabi/13.3.1/../../../../arm-none-eabi/lib/thumb/v7e-m+fp/hard\libc_nano.a(libc_a-findfp.o) (_fwalk_sglue)
D:/tool/Embedded/STM32/STM32CubeIDE_2.0.0/STM32CubeIDE/plugins/com.st.stm32cube.ide.mcu.externaltools.gnu-tools-for-stm32.13.3.rel1.win32_1.0.100.202509120712/tools/bin/../lib/gcc/arm-none-eabi/13.3.1/../../../../arm-none-eabi/lib/thumb/v7e-m+fp/hard\libc_nano.a(libc_a-snprintf.o)
                              ./Core/Src/esp32_bridge.o (snprintf)
D:/tool/Embedded/STM32/STM32CubeIDE_2.0.0/STM32CubeIDE/plugins/com.st.stm32cube.ide.mcu.externaltools.gnu-tools-for-stm32.13.3.rel1.win32_1.0.100.202509120712/tools/bin/../lib/gcc/arm-none-eabi/13.3.1/../../../../arm-none-eabi/lib/thumb/v7e-m+fp/hard\libc_nano.a(libc_a-sprintf.o)
                              ./Core/Src/main.o (sprintf)
D:/tool/Embedded/STM32/STM32CubeIDE_2.0.0/STM32CubeIDE/plugins/com.st.stm32cube.ide.mcu.externaltools.gnu-tools-for-stm32.13.3.rel1.win32_1.0.100.202509120712/tools/bin/../lib/gcc/arm-none-eabi/13.3.1/../../../../arm-none-eabi/lib/thumb/v7e-m+fp/hard\libc_nano.a(libc_a-stdio.o)
                              D:/tool/Embedded/STM32/STM32CubeIDE_2.0.0/STM32CubeIDE/plugins/com.st.stm32cube.ide.mcu.externaltools.gnu-tools-for-stm32.13.3.rel1.win32_1.0.100.202509120712/tools/bin/../lib/gcc/arm-none-eabi/13.3.1/../../../../arm-none-eabi/lib/thumb/v7e-m+fp/hard\libc_nano.a(libc_a-findfp.o) (__sread)
D:/tool/Embedded/STM32/STM32CubeIDE_2.0.0/STM32CubeIDE/plugins/com.st.stm32cube.ide.mcu.externaltools.gnu-tools-for-stm32.13.3.rel1.win32_1.0.100.202509120712/tools/bin/../lib/gcc/arm-none-eabi/13.3.1/../../../../arm-none-eabi/lib/thumb/v7e-m+fp/hard\libc_nano.a(libc_a-vsnprintf.o)
[...]
Memory Configuration

Name             Origin             Length             Attributes
RAM              0x20000000         0x0000c000         xrw
RAM2             0x10000000         0x00004000         xrw
FLASH            0x08000000         0x00040000         xr
*default*        0x00000000         0xffffffff

Linker script and memory map

LOAD D:/tool/Embedded/STM32/STM32CubeIDE_2.0.0/STM32CubeIDE/plugins/com.st.stm32cube.ide.mcu.externaltools.gnu-tools-for-stm32.13.3.rel1.win32_1.0.100.202509120712/tools/bin/../lib/gcc/arm-none-eabi/13.3.1/thumb/v7e-m+fp/hard/crti.o
LOAD D:/tool/Embedded/STM32/STM32CubeIDE_2.0.0/STM32CubeIDE/plugins/com.st.stm32cube.ide.mcu.externaltools.gnu-tools-for-stm32.13.3.rel1.win32_1.0.100.202509120712/tools/bin/../lib/gcc/arm-none-eabi/13.3.1/thumb/v7e-m+fp/hard/crtbegin.o
LOAD D:/tool/Embedded/STM32/STM32CubeIDE_2.0.0/STM32CubeIDE/plugins/com.st.stm32cube.ide.mcu.externaltools.gnu-tools-for-stm32.13.3.rel1.win32_1.0.100.202509120712/tools/bin/../lib/gcc/arm-none-eabi/13.3.1/../../../../arm-none-eabi/lib/thumb/v7e-m+fp/hard/crt0.o
LOAD ./Core/Src/esp32_bridge.o
LOAD ./Core/Src/keypad.o
LOAD ./Core/Src/main.o
LOAD ./Core/Src/r307.o
LOAD ./Core/Src/sha256.o
LOAD ./Core/Src/stm32l4xx_hal_msp.o
LOAD ./Core/Src/stm32l4xx_it.o
LOAD ./Core/Src/syscalls.o
LOAD ./Core/Src/sysmem.o
LOAD ./Core/Src/system_stm32l4xx.o
LOAD ./Core/Startup/startup_stm32l432kcux.o
LOAD ./Drivers/STM32L4xx_HAL_Driver/Src/stm32l4xx_hal.o
LOAD ./Drivers/STM32L4xx_HAL_Driver/Src/stm32l4xx_hal_cortex.o
LOAD ./Drivers/STM32L4xx_HAL_Driver/Src/stm32l4xx_hal_dma.o
LOAD ./Drivers/STM32L4xx_HAL_Driver/Src/stm32l4xx_hal_dma_ex.o
LOAD ./Drivers/STM32L4xx_HAL_Driver/Src/stm32l4xx_hal_exti.o
LOAD ./Drivers/STM32L4xx_HAL_Driver/Src/stm32l4xx_hal_flash.o
LOAD ./Drivers/STM32L4xx_HAL_Driver/Src/stm32l4xx_hal_flash_ex.o
LOAD ./Drivers/STM32L4xx_HAL_Driver/Src/stm32l4xx_hal_flash_ramfunc.o
LOAD ./Drivers/STM32L4xx_HAL_Driver/Src/stm32l4xx_hal_gpio.o
LOAD ./Drivers/STM32L4xx_HAL_Driver/Src/stm32l4xx_hal_i2c.o
LOAD ./Drivers/STM32L4xx_HAL_Driver/Src/stm32l4xx_hal_i2c_ex.o
LOAD ./Drivers/STM32L4xx_HAL_Driver/Src/stm32l4xx_hal_pwr.o
LOAD ./Drivers/STM32L4xx_HAL_Driver/Src/stm32l4xx_hal_pwr_ex.o
LOAD ./Drivers/STM32L4xx_HAL_Driver/Src/stm32l4xx_hal_rcc.o
LOAD ./Drivers/STM32L4xx_HAL_Driver/Src/stm32l4xx_hal_rcc_ex.o
LOAD ./Drivers/STM32L4xx_HAL_Driver/Src/stm32l4xx_hal_rng.o
LOAD ./Drivers/STM32L4xx_HAL_Driver/Src/stm32l4xx_hal_uart.o
LOAD ./Drivers/STM32L4xx_HAL_Driver/Src/stm32l4xx_hal_uart_ex.o
START GROUP
LOAD D:/tool/Embedded/STM32/STM32CubeIDE_2.0.0/STM32CubeIDE/plugins/com.st.stm32cube.ide.mcu.externaltools.gnu-tools-for-stm32.13.3.rel1.win32_1.0.100.202509120712/tools/bin/../lib/gcc/arm-none-eabi/13.3.1/../../../../arm-none-eabi/lib/thumb/v7e-m+fp/hard\libc_nano.a
LOAD D:/tool/Embedded/STM32/STM32CubeIDE_2.0.0/STM32CubeIDE/plugins/com.st.stm32cube.ide.mcu.externaltools.gnu-tools-for-stm32.13.3.rel1.win32_1.0.100.202509120712/tools/bin/../lib/gcc/arm-none-eabi/13.3.1/../../../../arm-none-eabi/lib/thumb/v7e-m+fp/hard\libm.a
END GROUP
START GROUP
LOAD D:/tool/Embedded/STM32/STM32CubeIDE_2.0.0/STM32CubeIDE/plugins/com.st.stm32cube.ide.mcu.externaltools.gnu-tools-for-stm32.13.3.rel1.win32_1.0.100.202509120712/tools/bin/../lib/gcc/arm-none-eabi/13.3.1/thumb/v7e-m+fp/hard\libgcc.a
LOAD D:/tool/Embedded/STM32/STM32CubeIDE_2.0.0/STM32CubeIDE/plugins/com.st.stm32cube.ide.mcu.externaltools.gnu-tools-for-stm32.13.3.rel1.win32_1.0.100.202509120712/tools/bin/../lib/gcc/arm-none-eabi/13.3.1/../../../../arm-none-eabi/lib/thumb/v7e-m+fp/hard\libc_nano.a
END GROUP
START GROUP
LOAD D:/tool/Embedded/STM32/STM32CubeIDE_2.0.0/STM32CubeIDE/plugins/com.st.stm32cube.ide.mcu.externaltools.gnu-tools-for-stm32.13.3.rel1.win32_1.0.100.202509120712/tools/bin/../lib/gcc/arm-none-eabi/13.3.1/thumb/v7e-m+fp/hard\libgcc.a
LOAD D:/tool/Embedded/STM32/STM32CubeIDE_2.0.0/STM32CubeIDE/plugins/com.st.stm32cube.ide.mcu.externaltools.gnu-tools-for-stm32.13.3.rel1.win32_1.0.100.202509120712/tools/bin/../lib/gcc/arm-none-eabi/13.3.1/../../../../arm-none-eabi/lib/thumb/v7e-m+fp/hard\libc_nano.a
LOAD D:/tool/Embedded/STM32/STM32CubeIDE_2.0.0/STM32CubeIDE/plugins/com.st.stm32cube.ide.mcu.externaltools.gnu-tools-for-stm32.13.3.rel1.win32_1.0.100.202509120712/tools/bin/../lib/gcc/arm-none-eabi/13.3.1/../../../../arm-none-eabi/lib/thumb/v7e-m+fp/hard\libnosys.a
END GROUP
START GROUP
LOAD D:/tool/Embedded/STM32/STM32CubeIDE_2.0.0/STM32CubeIDE/plugins/com.st.stm32cube.ide.mcu.externaltools.gnu-tools-for-stm32.13.3.rel1.win32_1.0.100.202509120712/tools/bin/../lib/gcc/arm-none-eabi/13.3.1/thumb/v7e-m+fp/hard\libgcc.a
LOAD D:/tool/Embedded/STM32/STM32CubeIDE_2.0.0/STM32CubeIDE/plugins/com.st.stm32cube.ide.mcu.externaltools.gnu-tools-for-stm32.13.3.rel1.win32_1.0.100.202509120712/tools/bin/../lib/gcc/arm-none-eabi/13.3.1/../../../../arm-none-eabi/lib/thumb/v7e-m+fp/hard\libc_nano.a
LOAD D:/tool/Embedded/STM32/STM32CubeIDE_2.0.0/STM32CubeIDE/plugins/com.st.stm32cube.ide.mcu.externaltools.gnu-tools-for-stm32.13.3.rel1.win32_1.0.100.202509120712/tools/bin/../lib/gcc/arm-none-eabi/13.3.1/../../../../arm-none-eabi/lib/thumb/v7e-m+fp/hard\libnosys.a
END GROUP
LOAD D:/tool/Embedded/STM32/STM32CubeIDE_2.0.0/STM32CubeIDE/plugins/com.st.stm32cube.ide.mcu.externaltools.gnu-tools-for-stm32.13.3.rel1.win32_1.0.100.202509120712/tools/bin/../lib/gcc/arm-none-eabi/13.3.1/thumb/v7e-m+fp/hard/crtend.o
LOAD D:/tool/Embedded/STM32/STM32CubeIDE_2.0.0/STM32CubeIDE/plugins/com.st.stm32cube.ide.mcu.externaltools.gnu-tools-for-stm32.13.3.rel1.win32_1.0.100.202509120712/tools/bin/../lib/gcc/arm-none-eabi/13.3.1/thumb/v7e-m+fp/hard/crtn.o
                0x2000c000                        _estack = (ORIGIN (RAM) + LENGTH (RAM))
                0x00000200                        _Min_Heap_Size = 0x200
                0x00002000                        _Min_Stack_Size = 0x2000

.isr_vector     0x08000000      0x18c
                0x08000000                        . = ALIGN (0x4)
 *(.isr_vector)
 .isr_vector    0x08000000      0x18c ./Core/Startup/startup_stm32l432kcux.o
                0x08000000                g_pfnVectors
                0x0800018c                        . = ALIGN (0x4)

.text           0x08000190     0x9078
                0x08000190                        . = ALIGN (0x4)
 *(.text)
 .text          0x08000190       0x40 D:/tool/Embedded/STM32/STM32CubeIDE_2.0.0/STM32CubeIDE/plugins/com.st.stm32cube.ide.mcu.externaltools.gnu-tools-for-stm32.13.3.rel1.win32_1.0.100.202509120712/tools/bin/../lib/gcc/arm-none-eabi/13.3.1/thumb/v7e-m+fp/hard/crtbegin.o
 .text          0x080001d0       0x10 D:/tool/Embedded/STM32/STM32CubeIDE_2.0.0/STM32CubeIDE/plugins/com.st.stm32cube.ide.mcu.externaltools.gnu-tools-for-stm32.13.3.rel1.win32_1.0.100.202509120712/tools/bin/../lib/gcc/arm-none-eabi/13.3.1/../../../../arm-none-eabi/lib/thumb/v7e-m+fp/hard\libc_nano.a(libc_a-strlen.o)
                0x080001d0                strlen
 .text          0x080001e0       0xa0 D:/tool/Embedded/STM32/STM32CubeIDE_2.0.0/STM32CubeIDE/plugins/com.st.stm32cube.ide.mcu.externaltools.gnu-tools-for-stm32.13.3.rel1.win32_1.0.100.202509120712/tools/bin/../lib/gcc/arm-none-eabi/13.3.1/../../../../arm-none-eabi/lib/thumb/v7e-m+fp/hard\libc_nano.a(libc_a-memchr.o)
                0x080001e0                memchr
 .text          0x08000280       0x30 D:/tool/Embedded/STM32/STM32CubeIDE_2.0.0/STM32CubeIDE/plugins/com.st.stm32cube.ide.mcu.externaltools.gnu-tools-for-stm32.13.3.rel1.win32_1.0.100.202509120712/tools/bin/../lib/gcc/arm-none-eabi/13.3.1/thumb/v7e-m+fp/hard\libgcc.a(_aeabi_uldivmod.o)
                0x08000280                __aeabi_uldivmod
 .text          0x080002b0      0x2f8 D:/tool/Embedded/STM32/STM32CubeIDE_2.0.0/STM32CubeIDE/plugins/com.st.stm32cube.ide.mcu.externaltools.gnu-tools-for-stm32.13.3.rel1.win32_1.0.100.202509120712/tools/bin/../lib/gcc/arm-none-eabi/13.3.1/thumb/v7e-m+fp/hard\libgcc.a(_udivmoddi4.o)
                0x080002b0                __udivmoddi4
 .text          0x080005a8        0x4 D:/tool/Embedded/STM32/STM32CubeIDE_2.0.0/STM32CubeIDE/plugins/com.st.stm32cube.ide.mcu.externaltools.gnu-tools-for-stm32.13.3.rel1.win32_1.0.100.202509120712/tools/bin/../lib/gcc/arm-none-eabi/13.3.1/thumb/v7e-m+fp/hard\libgcc.a(_dvmd_tls.o)
                0x080005a8                __aeabi_idiv0
                0x080005a8                __aeabi_ldiv0
 *(.text*)
 .text.ESP32_DebugPrint
                0x080005ac       0x28 ./Core/Src/esp32_bridge.o
 .text.ESP32_UART_RxCallback
                0x080005d4       0x5e ./Core/Src/esp32_bridge.o
                0x080005d4                ESP32_UART_RxCallback
 *fill*         0x08000632        0x2 
 .text.ESP32_Init
                0x08000634       0x70 ./Core/Src/esp32_bridge.o
                0x08000634                ESP32_Init
 .text.ESP32_TestConnection
                0x080006a4       0x64 ./Core/Src/esp32_bridge.o
                0x080006a4                ESP32_TestConnection
 .text.ESP32_SendCommand
                0x08000708       0x52 ./Core/Src/esp32_bridge.o
                0x08000708                ESP32_SendCommand
 .text.ESP32_SendCommandWithResponse
                0x0800075a       0xba ./Core/Src/esp32_bridge.o
                0x0800075a                ESP32_SendCommandWithResponse
 .text.ESP32_ClearBuffer
                0x08000814       0x60 ./Core/Src/esp32_bridge.o
                0x08000814                ESP32_ClearBuffer
 .text.ESP32_WaitForResponse
                0x08000874       0x5a ./Core/Src/esp32_bridge.o
                0x08000874                ESP32_WaitForResponse
 *fill*         0x080008ce        0x2 
 .text.ESP32_LED_Blink
                0x080008d0       0x60 ./Core/Src/esp32_bridge.o
                0x080008d0                ESP32_LED_Blink
 .text.ESP32_ConnectWiFi
                0x08000930      0x124 ./Core/Src/esp32_bridge.o
                0x08000930                ESP32_ConnectWiFi
 .text.ESP32_CheckConnection
                0x08000a54       0x5c ./Core/Src/esp32_bridge.o
                0x08000a54                ESP32_CheckConnection
 .text.ESP32_GetIP
                0x08000ab0       0xac ./Core/Src/esp32_bridge.o
                0x08000ab0                ESP32_GetIP
 .text.ESP32_ValidateConnection
                0x08000b5c       0x34 ./Core/Src/esp32_bridge.o
 .text.ESP32_HTTP_GET
                0x08000b90      0x214 ./Core/Src/esp32_bridge.o
                0x08000b90                ESP32_HTTP_GET
 .text.ESP32_HTTP_POST
                0x08000da4      0x1f4 ./Core/Src/esp32_bridge.o
                0x08000da4                ESP32_HTTP_POST
 .text.ESP32_ParseHTTPResponse
                0x08000f98      0x19c ./Core/Src/esp32_bridge.o
 .text.JSON_GetString
                0x08001134       0xc0 ./Core/Src/esp32_bridge.o
                0x08001134                JSON_GetString
 .text.Keypad_Init
                0x080011f4       0xf0 ./Core/Src/keypad.o
                0x080011f4                Keypad_Init
 .text.Keypad_GetKey
                0x080012e4       0xf4 ./Core/Src/keypad.o
                0x080012e4                Keypad_GetKey
 .text.Debug_Printf
                0x080013d8       0x48 ./Core/Src/main.o
                0x080013d8                Debug_Printf
 .text.LCD_Print
                0x08001420       0x64 ./Core/Src/main.o
                0x08001420                LCD_Print
 .text.LCD_Clear
                0x08001484       0x24 ./Core/Src/main.o
                0x08001484                LCD_Clear
 .text.LCD_SetCursor
                0x080014a8       0x54 ./Core/Src/main.o
                0x080014a8                LCD_SetCursor
 .text.SHA256_Hash_Hex
                0x080014fc       0x60 ./Core/Src/main.o
                0x080014fc                SHA256_Hash_Hex
 .text.Reset_Session
                0x0800155c       0x30 ./Core/Src/main.o
                0x0800155c                Reset_Session
 .text.Get_Number_Input
                0x0800158c      0x13c ./Core/Src/main.o
                0x0800158c                Get_Number_Input
 .text.Get_String_Input
                0x080016c8       0xcc ./Core/Src/main.o
                0x080016c8                Get_String_Input
 .text.Show_Scrolling_List
                0x08001794      0x110 ./Core/Src/main.o
                0x08001794                Show_Scrolling_List
 .text.HAL_UART_RxCpltCallback
                0x080018a4       0x40 ./Core/Src/main.o
                0x080018a4                HAL_UART_RxCpltCallback
 .text.Show_Loading
                0x080018e4       0x40 ./Core/Src/main.o
                0x080018e4                Show_Loading
 .text.Show_Error
                0x08001924       0x48 ./Core/Src/main.o
                0x08001924                Show_Error
 .text.Show_Success
                0x0800196c       0x54 ./Core/Src/main.o
                0x0800196c                Show_Success
 .text.State_SelectElection
                0x080019c0      0x108 ./Core/Src/main.o
                0x080019c0                State_SelectElection
 .text.State_EnterAadhaar
                0x08001ac8       0x70 ./Core/Src/main.o
                0x08001ac8                State_EnterAadhaar
 .text.State_EnterVoterID
                0x08001b38       0x60 ./Core/Src/main.o
                0x08001b38                State_EnterVoterID
 .text.State_ScanFingerprint
                0x08001b98      0x124 ./Core/Src/main.o
                0x08001b98                State_ScanFingerprint
 .text.State_VerifyIdentity
                0x08001cbc       0xac ./Core/Src/main.o
                0x08001cbc                State_VerifyIdentity
 .text.State_SendOTP
                0x08001d68       0x8c ./Core/Src/main.o
                0x08001d68                State_SendOTP
 .text.State_EnterOTP
                0x08001df4       0x60 ./Core/Src/main.o
                0x08001df4                State_EnterOTP
 .text.State_VerifyOTP
                0x08001e54      0x144 ./Core/Src/main.o
                0x08001e54                State_VerifyOTP
 .text.State_SelectCandidate
                0x08001f98      0x130 ./Core/Src/main.o
                0x08001f98                State_SelectCandidate
 .text.Backend_VerifyIdentity
                0x080020c8      0x350 ./Core/Src/main.o
                0x080020c8                Backend_VerifyIdentity
 .text.Backend_GetCandidates
                0x08002418      0x4bc ./Core/Src/main.o
                0x08002418                Backend_GetCandidates
 .text.State_ConfirmVote
                0x080028d4       0xd0 ./Core/Src/main.o
                0x080028d4                State_ConfirmVote
 .text.State_CastVote
                0x080029a4       0x70 ./Core/Src/main.o
                0x080029a4                State_CastVote
 .text.State_WaitReceipt
                0x08002a14       0x9c ./Core/Src/main.o
                0x08002a14                State_WaitReceipt
 .text.State_ShowReceipt
                0x08002ab0       0xec ./Core/Src/main.o
                0x08002ab0                State_ShowReceipt
 .text.Backend_GetElections
                0x08002b9c      0x264 ./Core/Src/main.o
                0x08002b9c                Backend_GetElections
 .text.Backend_SendOTP
                0x08002e00       0x84 ./Core/Src/main.o
                0x08002e00                Backend_SendOTP
 .text.Backend_VerifyOTP
                0x08002e84       0xc0 ./Core/Src/main.o
                0x08002e84                Backend_VerifyOTP
 .text.Backend_CastVote
                0x08002f44      0x13c ./Core/Src/main.o
                0x08002f44                Backend_CastVote
 .text.Backend_GetReceipt
                0x08003080      0x1c0 ./Core/Src/main.o
                0x08003080                Backend_GetReceipt
 .text.Backend_SendReceiptEmail
                0x08003240       0xa8 ./Core/Src/main.o
                0x08003240                Backend_SendReceiptEmail
 .text.main     0x080032e8      0x2c0 ./Core/Src/main.o
                0x080032e8                main
 .text.SystemClock_Config
                0x080035a8       0xc4 ./Core/Src/main.o
                0x080035a8                SystemClock_Config
 .text.MX_RNG_Init
                0x0800366c       0x28 ./Core/Src/main.o
 .text.MX_USART1_UART_Init
                0x08003694       0x60 ./Core/Src/main.o
 .text.MX_USART2_UART_Init
                0x080036f4       0x60 ./Core/Src/main.o
 .text.MX_DMA_Init
                0x08003754       0x5c ./Core/Src/main.o
 .text.MX_GPIO_Init
                0x080037b0       0xdc ./Core/Src/main.o
 .text.Error_Handler
                0x0800388c        0xc ./Core/Src/main.o
                0x0800388c                Error_Handler
 .text.R307_FlushUART
                0x08003898       0x46 ./Core/Src/r307.o
                0x08003898                R307_FlushUART
 *fill*         0x080038de        0x2 
 .text.R307_Init
                0x080038e0       0x6c ./Core/Src/r307.o
                0x080038e0                R307_Init
 .text.R307_VerifyPassword
                0x0800394c       0x94 ./Core/Src/r307.o
                0x0800394c                R307_VerifyPassword
 .text.R307_GetImage
                0x080039e0       0x74 ./Core/Src/r307.o
                0x080039e0                R307_GetImage
 .text.R307_Image2Tz
                0x08003a54       0x78 ./Core/Src/r307.o
                0x08003a54                R307_Image2Tz
 .text.R307_ReadSystemParameters
                0x08003acc       0xb0 ./Core/Src/r307.o
                0x08003acc                R307_ReadSystemParameters
 .text.R307_SendPacket
                0x08003b7c      0x23c ./Core/Src/r307.o
 .text.R307_ReceivePacket
                0x08003db8       0xf8 ./Core/Src/r307.o
 .text.R307_CalculateChecksum
                0x08003eb0       0x42 ./Core/Src/r307.o
 *fill*         0x08003ef2        0x2 
 .text.R307_UploadTemplate
                0x08003ef4      0x1dc ./Core/Src/r307.o
                0x08003ef4                R307_UploadTemplate
 .text.sha256_transform
                0x080040d0      0x414 ./Core/Src/sha256.o
                0x080040d0                sha256_transform
 .text.sha256_init
                0x080044e4       0x78 ./Core/Src/sha256.o
                0x080044e4                sha256_init
 .text.sha256_update
                0x0800455c       0x70 ./Core/Src/sha256.o
                0x0800455c                sha256_update
 .text.sha256_final
                0x080045cc      0x268 ./Core/Src/sha256.o
                0x080045cc                sha256_final
 .text.sha256_hash
                0x08004834       0x38 ./Core/Src/sha256.o
                0x08004834                sha256_hash
 .text.HAL_MspInit
                0x0800486c       0x48 ./Core/Src/stm32l4xx_hal_msp.o
                0x0800486c                HAL_MspInit
 .text.HAL_RNG_MspInit
                0x080048b4       0x88 ./Core/Src/stm32l4xx_hal_msp.o
                0x080048b4                HAL_RNG_MspInit
 .text.HAL_UART_MspInit
                0x0800493c      0x264 ./Core/Src/stm32l4xx_hal_msp.o
                0x0800493c                HAL_UART_MspInit
 .text.NMI_Handler
                0x08004ba0        0x8 ./Core/Src/stm32l4xx_it.o
                0x08004ba0                NMI_Handler
 .text.HardFault_Handler
                0x08004ba8        0x8 ./Core/Src/stm32l4xx_it.o
                0x08004ba8                HardFault_Handler
 .text.MemManage_Handler
                0x08004bb0        0x8 ./Core/Src/stm32l4xx_it.o
                0x08004bb0                MemManage_Handler
 .text.BusFault_Handler
                0x08004bb8        0x8 ./Core/Src/stm32l4xx_it.o
                0x08004bb8                BusFault_Handler
 .text.UsageFault_Handler
                0x08004bc0        0x8 ./Core/Src/stm32l4xx_it.o
                0x08004bc0                UsageFault_Handler
 .text.SVC_Handler
                0x08004bc8        0xe ./Core/Src/stm32l4xx_it.o
                0x08004bc8                SVC_Handler
 .text.DebugMon_Handler
                0x08004bd6        0xe ./Core/Src/stm32l4xx_it.o
                0x08004bd6                DebugMon_Handler
 .text.PendSV_Handler
                0x08004be4        0xe ./Core/Src/stm32l4xx_it.o
                0x08004be4                PendSV_Handler
 .text.SysTick_Handler
                0x08004bf2        0xc ./Core/Src/stm32l4xx_it.o
                0x08004bf2                SysTick_Handler
 *fill*         0x08004bfe        0x2 
 .text.DMA1_Channel4_IRQHandler
                0x08004c00       0x14 ./Core/Src/stm32l4xx_it.o
                0x08004c00                DMA1_Channel4_IRQHandler
 .text.DMA1_Channel5_IRQHandler
                0x08004c14       0x14 ./Core/Src/stm32l4xx_it.o
                0x08004c14                DMA1_Channel5_IRQHandler
 .text.DMA1_Channel6_IRQHandler
                0x08004c28       0x14 ./Core/Src/stm32l4xx_it.o
                0x08004c28                DMA1_Channel6_IRQHandler
 .text.USART1_IRQHandler
                0x08004c3c       0x14 ./Core/Src/stm32l4xx_it.o
                0x08004c3c                USART1_IRQHandler
 .text.USART2_IRQHandler
                0x08004c50       0x3c ./Core/Src/stm32l4xx_it.o
                0x08004c50                USART2_IRQHandler
 .text._sbrk    0x08004c8c       0x6c ./Core/Src/sysmem.o
                0x08004c8c                _sbrk
 .text.SystemInit
                0x08004cf8       0x24 ./Core/Src/system_stm32l4xx.o
                0x08004cf8                SystemInit
 .text.Reset_Handler
                0x08004d1c       0x50 ./Core/Startup/startup_stm32l432kcux.o
                0x08004d1c                Reset_Handler
 .text.Default_Handler
                0x08004d6c        0x2 ./Core/Startup/startup_stm32l432kcux.o
                0x08004d6c                RTC_Alarm_IRQHandler
                0x08004d6c                EXTI2_IRQHandler
                0x08004d6c                TIM1_CC_IRQHandler
                0x08004d6c                TSC_IRQHandler
                0x08004d6c                TAMP_STAMP_IRQHandler
                0x08004d6c                EXTI3_IRQHandler
                0x08004d6c                LPTIM2_IRQHandler
                0x08004d6c                I2C3_ER_IRQHandler
                0x08004d6c                EXTI0_IRQHandler
                0x08004d6c                CAN1_RX0_IRQHandler
                0x08004d6c                FPU_IRQHandler
                0x08004d6c                TIM1_UP_TIM16_IRQHandler
                0x08004d6c                SPI1_IRQHandler
                0x08004d6c                TIM6_DAC_IRQHandler
                0x08004d6c                DMA2_Channel2_IRQHandler
                0x08004d6c                ADC1_IRQHandler
                0x08004d6c                DMA1_Channel7_IRQHandler
                0x08004d6c                CAN1_RX1_IRQHandler
                0x08004d6c                DMA2_Channel1_IRQHandler
                0x08004d6c                QUADSPI_IRQHandler
                0x08004d6c                I2C1_EV_IRQHandler
                0x08004d6c                DMA2_Channel4_IRQHandler
                0x08004d6c                RCC_IRQHandler
                0x08004d6c                TIM1_TRG_COM_IRQHandler
                0x08004d6c                DMA1_Channel1_IRQHandler
                0x08004d6c                Default_Handler
                0x08004d6c                DMA2_Channel7_IRQHandler
                0x08004d6c                EXTI15_10_IRQHandler
                0x08004d6c                TIM7_IRQHandler
                0x08004d6c                I2C3_EV_IRQHandler
                0x08004d6c                USB_IRQHandler
                0x08004d6c                EXTI9_5_IRQHandler
                0x08004d6c                RTC_WKUP_IRQHandler
                0x08004d6c                PVD_PVM_IRQHandler
                0x08004d6c                CAN1_TX_IRQHandler
                0x08004d6c                DMA2_Channel5_IRQHandler
                0x08004d6c                CRS_IRQHandler
                0x08004d6c                EXTI4_IRQHandler
                0x08004d6c                RNG_IRQHandler
                0x08004d6c                DMA1_Channel3_IRQHandler
                0x08004d6c                COMP_IRQHandler
                0x08004d6c                WWDG_IRQHandler
                0x08004d6c                LPUART1_IRQHandler
                0x08004d6c                DMA2_Channel6_IRQHandler
                0x08004d6c                TIM2_IRQHandler
                0x08004d6c                EXTI1_IRQHandler
                0x08004d6c                DMA1_Channel2_IRQHandler
                0x08004d6c                CAN1_SCE_IRQHandler
                0x08004d6c                FLASH_IRQHandler
                0x08004d6c                SPI3_IRQHandler
                0x08004d6c                I2C1_ER_IRQHandler
                0x08004d6c                SWPMI1_IRQHandler
                0x08004d6c                LPTIM1_IRQHandler
                0x08004d6c                SAI1_IRQHandler
                0x08004d6c                DMA2_Channel3_IRQHandler
                0x08004d6c                TIM1_BRK_TIM15_IRQHandler
 .text.HAL_Init
                0x08004d6e       0x30 ./Drivers/STM32L4xx_HAL_Driver/Src/stm32l4xx_hal.o
                0x08004d6e                HAL_Init
 *fill*         0x08004d9e        0x2 
 .text.HAL_InitTick
                0x08004da0       0x78 ./Drivers/STM32L4xx_HAL_Driver/Src/stm32l4xx_hal.o
                0x08004da0                HAL_InitTick
 .text.HAL_IncTick
                0x08004e18       0x28 ./Drivers/STM32L4xx_HAL_Driver/Src/stm32l4xx_hal.o
                0x08004e18                HAL_IncTick
 .text.HAL_GetTick
                0x08004e40       0x18 ./Drivers/STM32L4xx_HAL_Driver/Src/stm32l4xx_hal.o
                0x08004e40                HAL_GetTick
 .text.HAL_Delay
                0x08004e58       0x48 ./Drivers/STM32L4xx_HAL_Driver/Src/stm32l4xx_hal.o
                0x08004e58                HAL_Delay
 .text.__NVIC_SetPriorityGrouping
                0x08004ea0       0x48 ./Drivers/STM32L4xx_HAL_Driver/Src/stm32l4xx_hal_cortex.o
 .text.__NVIC_GetPriorityGrouping
                0x08004ee8       0x1c ./Drivers/STM32L4xx_HAL_Driver/Src/stm32l4xx_hal_cortex.o
 .text.__NVIC_EnableIRQ
                0x08004f04       0x3c ./Drivers/STM32L4xx_HAL_Driver/Src/stm32l4xx_hal_cortex.o
 .text.__NVIC_SetPriority
                0x08004f40       0x54 ./Drivers/STM32L4xx_HAL_Driver/Src/stm32l4xx_hal_cortex.o
 .text.NVIC_EncodePriority
                0x08004f94       0x66 ./Drivers/STM32L4xx_HAL_Driver/Src/stm32l4xx_hal_cortex.o
 *fill*         0x08004ffa        0x2 
 .text.SysTick_Config
                0x08004ffc       0x44 ./Drivers/STM32L4xx_HAL_Driver/Src/stm32l4xx_hal_cortex.o
 .text.HAL_NVIC_SetPriorityGrouping
                0x08005040       0x16 ./Drivers/STM32L4xx_HAL_Driver/Src/stm32l4xx_hal_cortex.o
                0x08005040                HAL_NVIC_SetPriorityGrouping
 .text.HAL_NVIC_SetPriority
                0x08005056       0x38 ./Drivers/STM32L4xx_HAL_Driver/Src/stm32l4xx_hal_cortex.o
                0x08005056                HAL_NVIC_SetPriority
 .text.HAL_NVIC_EnableIRQ
                0x0800508e       0x1c ./Drivers/STM32L4xx_HAL_Driver/Src/stm32l4xx_hal_cortex.o
                0x0800508e                HAL_NVIC_EnableIRQ
 .text.HAL_SYSTICK_Config
                0x080050aa       0x18 ./Drivers/STM32L4xx_HAL_Driver/Src/stm32l4xx_hal_cortex.o
                0x080050aa                HAL_SYSTICK_Config
 *fill*         0x080050c2        0x2 
 .text.HAL_DMA_Init
                0x080050c4      0x170 ./Drivers/STM32L4xx_HAL_Driver/Src/stm32l4xx_hal_dma.o
                0x080050c4                HAL_DMA_Init
 .text.HAL_DMA_Abort
                0x08005234       0x82 ./Drivers/STM32L4xx_HAL_Driver/Src/stm32l4xx_hal_dma.o
                0x08005234                HAL_DMA_Abort
 .text.HAL_DMA_Abort_IT
                0x080052b6       0x82 ./Drivers/STM32L4xx_HAL_Driver/Src/stm32l4xx_hal_dma.o
                0x080052b6                HAL_DMA_Abort_IT
 .text.HAL_DMA_IRQHandler
                0x08005338      0x18c ./Drivers/STM32L4xx_HAL_Driver/Src/stm32l4xx_hal_dma.o
                0x08005338                HAL_DMA_IRQHandler
 .text.HAL_GPIO_Init
                0x080054c4      0x2d4 ./Drivers/STM32L4xx_HAL_Driver/Src/stm32l4xx_hal_gpio.o
                0x080054c4                HAL_GPIO_Init
 .text.HAL_GPIO_ReadPin
                0x08005798       0x30 ./Drivers/STM32L4xx_HAL_Driver/Src/stm32l4xx_hal_gpio.o
                0x08005798                HAL_GPIO_ReadPin
 .text.HAL_GPIO_WritePin
                0x080057c8       0x30 ./Drivers/STM32L4xx_HAL_Driver/Src/stm32l4xx_hal_gpio.o
                0x080057c8                HAL_GPIO_WritePin
 .text.HAL_PWR_EnableBkUpAccess
                0x080057f8       0x20 ./Drivers/STM32L4xx_HAL_Driver/Src/stm32l4xx_hal_pwr.o
                0x080057f8                HAL_PWR_EnableBkUpAccess
 .text.HAL_PWREx_GetVoltageRange
                0x08005818       0x1c ./Drivers/STM32L4xx_HAL_Driver/Src/stm32l4xx_hal_pwr_ex.o
                0x08005818                HAL_PWREx_GetVoltageRange
 .text.HAL_PWREx_ControlVoltageScaling
                0x08005834       0xac ./Drivers/STM32L4xx_HAL_Driver/Src/stm32l4xx_hal_pwr_ex.o
                0x08005834                HAL_PWREx_ControlVoltageScaling
 .text.HAL_RCC_OscConfig
                0x080058e0      0x828 ./Drivers/STM32L4xx_HAL_Driver/Src/stm32l4xx_hal_rcc.o
                0x080058e0                HAL_RCC_OscConfig
 .text.HAL_RCC_ClockConfig
                0x08006108      0x200 ./Drivers/STM32L4xx_HAL_Driver/Src/stm32l4xx_hal_rcc.o
                0x08006108                HAL_RCC_ClockConfig
 .text.HAL_RCC_GetSysClockFreq
                0x08006308      0x118 ./Drivers/STM32L4xx_HAL_Driver/Src/stm32l4xx_hal_rcc.o
                0x08006308                HAL_RCC_GetSysClockFreq
 .text.HAL_RCC_GetHCLKFreq
                0x08006420       0x18 ./Drivers/STM32L4xx_HAL_Driver/Src/stm32l4xx_hal_rcc.o
                0x08006420                HAL_RCC_GetHCLKFreq
 .text.HAL_RCC_GetPCLK1Freq
                0x08006438       0x2c ./Drivers/STM32L4xx_HAL_Driver/Src/stm32l4xx_hal_rcc.o
                0x08006438                HAL_RCC_GetPCLK1Freq
 .text.HAL_RCC_GetPCLK2Freq
                0x08006464       0x2c ./Drivers/STM32L4xx_HAL_Driver/Src/stm32l4xx_hal_rcc.o
                0x08006464                HAL_RCC_GetPCLK2Freq
 .text.RCC_SetFlashLatencyFromMSIRange
                0x08006490       0xc0 ./Drivers/STM32L4xx_HAL_Driver/Src/stm32l4xx_hal_rcc.o
 .text.HAL_RCCEx_PeriphCLKConfig
                0x08006550      0x3ec ./Drivers/STM32L4xx_HAL_Driver/Src/stm32l4xx_hal_rcc_ex.o
                0x08006550                HAL_RCCEx_PeriphCLKConfig
 .text.HAL_RCCEx_EnableMSIPLLMode
                0x0800693c       0x20 ./Drivers/STM32L4xx_HAL_Driver/Src/stm32l4xx_hal_rcc_ex.o
                0x0800693c                HAL_RCCEx_EnableMSIPLLMode
 .text.RCCEx_PLLSAI1_Config
                0x0800695c      0x1e4 ./Drivers/STM32L4xx_HAL_Driver/Src/stm32l4xx_hal_rcc_ex.o
 .text.HAL_RNG_Init
                0x08006b40       0xae ./Drivers/STM32L4xx_HAL_Driver/Src/stm32l4xx_hal_rng.o
                0x08006b40                HAL_RNG_Init
 .text.HAL_UART_Init
                0x08006bee       0x9c ./Drivers/STM32L4xx_HAL_Driver/Src/stm32l4xx_hal_uart.o
                0x08006bee                HAL_UART_Init
 .text.HAL_UART_Transmit
                0x08006c8a      0x126 ./Drivers/STM32L4xx_HAL_Driver/Src/stm32l4xx_hal_uart.o
                0x08006c8a                HAL_UART_Transmit
 .text.HAL_UART_Receive
                0x08006db0      0x1a0 ./Drivers/STM32L4xx_HAL_Driver/Src/stm32l4xx_hal_uart.o
                0x08006db0                HAL_UART_Receive
 .text.HAL_UART_Receive_IT
                0x08006f50       0x98 ./Drivers/STM32L4xx_HAL_Driver/Src/stm32l4xx_hal_uart.o
                0x08006f50                HAL_UART_Receive_IT
 .text.HAL_UART_AbortReceive_IT
                0x08006fe8      0x180 ./Drivers/STM32L4xx_HAL_Driver/Src/stm32l4xx_hal_uart.o
                0x08006fe8                HAL_UART_AbortReceive_IT
 .text.HAL_UART_IRQHandler
                0x08007168      0x60c ./Drivers/STM32L4xx_HAL_Driver/Src/stm32l4xx_hal_uart.o
                0x08007168                HAL_UART_IRQHandler
 .text.HAL_UART_TxCpltCallback
                0x08007774       0x14 ./Drivers/STM32L4xx_HAL_Driver/Src/stm32l4xx_hal_uart.o
                0x08007774                HAL_UART_TxCpltCallback
 .text.HAL_UART_ErrorCallback
                0x08007788       0x14 ./Drivers/STM32L4xx_HAL_Driver/Src/stm32l4xx_hal_uart.o
                0x08007788                HAL_UART_ErrorCallback
 .text.HAL_UART_AbortReceiveCpltCallback
                0x0800779c       0x14 ./Drivers/STM32L4xx_HAL_Driver/Src/stm32l4xx_hal_uart.o
                0x0800779c                HAL_UART_AbortReceiveCpltCallback
 .text.HAL_UARTEx_RxEventCallback
                0x080077b0       0x18 ./Drivers/STM32L4xx_HAL_Driver/Src/stm32l4xx_hal_uart.o
                0x080077b0                HAL_UARTEx_RxEventCallback
 .text.UART_SetConfig
                0x080077c8      0x458 ./Drivers/STM32L4xx_HAL_Driver/Src/stm32l4xx_hal_uart.o
                0x080077c8                UART_SetConfig
 .text.UART_AdvFeatureConfig
                0x08007c20      0x144 ./Drivers/STM32L4xx_HAL_Driver/Src/stm32l4xx_hal_uart.o
                0x08007c20                UART_AdvFeatureConfig
 .text.UART_CheckIdleState
                0x08007d64      0x150 ./Drivers/STM32L4xx_HAL_Driver/Src/stm32l4xx_hal_uart.o
                0x08007d64                UART_CheckIdleState
 .text.UART_WaitOnFlagUntilTimeout
                0x08007eb4       0xda ./Drivers/STM32L4xx_HAL_Driver/Src/stm32l4xx_hal_uart.o
                0x08007eb4                UART_WaitOnFlagUntilTimeout
 *fill*         0x08007f8e        0x2 
 .text.UART_Start_Receive_IT
                0x08007f90      0x18c ./Drivers/STM32L4xx_HAL_Driver/Src/stm32l4xx_hal_uart.o
                0x08007f90                UART_Start_Receive_IT
 .text.UART_EndRxTransfer
                0x0800811c       0xc8 ./Drivers/STM32L4xx_HAL_Driver/Src/stm32l4xx_hal_uart.o
 .text.UART_DMAAbortOnError
                0x080081e4       0x1c ./Drivers/STM32L4xx_HAL_Driver/Src/stm32l4xx_hal_uart.o
 .text.UART_DMARxOnlyAbortCallback
                0x08008200       0x42 ./Drivers/STM32L4xx_HAL_Driver/Src/stm32l4xx_hal_uart.o
 .text.UART_EndTransmit_IT
                0x08008242       0x54 ./Drivers/STM32L4xx_HAL_Driver/Src/stm32l4xx_hal_uart.o
 *fill*         0x08008296        0x2 
 .text.UART_RxISR_8BIT
                0x08008298      0x1b8 ./Drivers/STM32L4xx_HAL_Driver/Src/stm32l4xx_hal_uart.o
 .text.UART_RxISR_16BIT
                0x08008450      0x1b8 ./Drivers/STM32L4xx_HAL_Driver/Src/stm32l4xx_hal_uart.o
 .text.HAL_UARTEx_WakeupCallback
                0x08008608       0x14 ./Drivers/STM32L4xx_HAL_Driver/Src/stm32l4xx_hal_uart_ex.o
                0x08008608                HAL_UARTEx_WakeupCallback
 .text.atoi     0x0800861c        0x8 D:/tool/Embedded/STM32/STM32CubeIDE_2.0.0/STM32CubeIDE/plugins/com.st.stm32cube.ide.mcu.externaltools.gnu-tools-for-stm32.13.3.rel1.win32_1.0.100.202509120712/tools/bin/../lib/gcc/arm-none-eabi/13.3.1/../../../../arm-none-eabi/lib/thumb/v7e-m+fp/hard\libc_nano.a(libc_a-atoi.o)
                0x0800861c                atoi
 .text._strtol_l.isra.0
                0x08008624       0xf4 D:/tool/Embedded/STM32/STM32CubeIDE_2.0.0/STM32CubeIDE/plugins/com.st.stm32cube.ide.mcu.externaltools.gnu-tools-for-stm32.13.3.rel1.win32_1.0.100.202509120712/tools/bin/../lib/gcc/arm-none-eabi/13.3.1/../../../../arm-none-eabi/lib/thumb/v7e-m+fp/hard\libc_nano.a(libc_a-strtol.o)
 .text.strtol   0x08008718       0x14 D:/tool/Embedded/STM32/STM32CubeIDE_2.0.0/STM32CubeIDE/plugins/com.st.stm32cube.ide.mcu.externaltools.gnu-tools-for-stm32.13.3.rel1.win32_1.0.100.202509120712/tools/bin/../lib/gcc/arm-none-eabi/13.3.1/../../../../arm-none-eabi/lib/thumb/v7e-m+fp/hard\libc_nano.a(libc_a-strtol.o)
                0x08008718                strtol
 .text.snprintf
                0x0800872c       0x6c D:/tool/Embedded/STM32/STM32CubeIDE_2.0.0/STM32CubeIDE/plugins/com.st.stm32cube.ide.mcu.externaltools.gnu-tools-for-stm32.13.3.rel1.win32_1.0.100.202509120712/tools/bin/../lib/gcc/arm-none-eabi/13.3.1/../../../../arm-none-eabi/lib/thumb/v7e-m+fp/hard\libc_nano.a(libc_a-snprintf.o)
                0x0800872c                sniprintf
                0x0800872c                snprintf
 .text.sprintf  0x08008798       0x44 D:/tool/Embedded/STM32/STM32CubeIDE_2.0.0/STM32CubeIDE/plugins/com.st.stm32cube.ide.mcu.externaltools.gnu-tools-for-stm32.13.3.rel1.win32_1.0.100.202509120712/tools/bin/../lib/gcc/arm-none-eabi/13.3.1/../../../../arm-none-eabi/lib/thumb/v7e-m+fp/hard\libc_nano.a(libc_a-sprintf.o)
                0x08008798                siprintf
                0x08008798                sprintf
 .text._vsnprintf_r
                0x080087dc       0x5c D:/tool/Embedded/STM32/STM32CubeIDE_2.0.0/STM32CubeIDE/plugins/com.st.stm32cube.ide.mcu.externaltools.gnu-tools-for-stm32.13.3.rel1.win32_1.0.100.202509120712/tools/bin/../lib/gcc/arm-none-eabi/13.3.1/../../../../arm-none-eabi/lib/thumb/v7e-m+fp/hard\libc_nano.a(libc_a-vsnprintf.o)
                0x080087dc                _vsniprintf_r
                0x080087dc                _vsnprintf_r
 .text.vsnprintf
                0x08008838       0x1c D:/tool/Embedded/STM32/STM32CubeIDE_2.0.0/STM32CubeIDE/plugins/com.st.stm32cube.ide.mcu.externaltools.gnu-tools-for-stm32.13.3.rel1.win32_1.0.100.202509120712/tools/bin/../lib/gcc/arm-none-eabi/13.3.1/../../../../arm-none-eabi/lib/thumb/v7e-m+fp/hard\libc_nano.a(libc_a-vsnprintf.o)
                0x08008838                vsniprintf
                0x08008838                vsnprintf
 .text.memset   0x08008854       0x10 D:/tool/Embedded/STM32/STM32CubeIDE_2.0.0/STM32CubeIDE/plugins/com.st.stm32cube.ide.mcu.externaltools.gnu-tools-for-stm32.13.3.rel1.win32_1.0.100.202509120712/tools/bin/../lib/gcc/arm-none-eabi/13.3.1/../../../../arm-none-eabi/lib/thumb/v7e-m+fp/hard\libc_nano.a(libc_a-memset.o)
                0x08008854                memset
 .text.strchr   0x08008864       0x1a D:/tool/Embedded/STM32/STM32CubeIDE_2.0.0/STM32CubeIDE/plugins/com.st.stm32cube.ide.mcu.externaltools.gnu-tools-for-stm32.13.3.rel1.win32_1.0.100.202509120712/tools/bin/../lib/gcc/arm-none-eabi/13.3.1/../../../../arm-none-eabi/lib/thumb/v7e-m+fp/hard\libc_nano.a(libc_a-strchr.o)
                0x08008864                strchr
 .text.strncmp  0x0800887e       0x24 D:/tool/Embedded/STM32/STM32CubeIDE_2.0.0/STM32CubeIDE/plugins/com.st.stm32cube.ide.mcu.externaltools.gnu-tools-for-stm32.13.3.rel1.win32_1.0.100.202509120712/tools/bin/../lib/gcc/arm-none-eabi/13.3.1/../../../../arm-none-eabi/lib/thumb/v7e-m+fp/hard\libc_nano.a(libc_a-strncmp.o)
                0x0800887e                strncmp
 .text.strncpy  0x080088a2       0x26 D:/tool/Embedded/STM32/STM32CubeIDE_2.0.0/STM32CubeIDE/plugins/com.st.stm32cube.ide.mcu.externaltools.gnu-tools-for-stm32.13.3.rel1.win32_1.0.100.202509120712/tools/bin/../lib/gcc/arm-none-eabi/13.3.1/../../../../arm-none-eabi/lib/thumb/v7e-m+fp/hard\libc_nano.a(libc_a-strncpy.o)
                0x080088a2                strncpy
 .text.strstr   0x080088c8       0x2c D:/tool/Embedded/STM32/STM32CubeIDE_2.0.0/STM32CubeIDE/plugins/com.st.stm32cube.ide.mcu.externaltools.gnu-tools-for-stm32.13.3.rel1.win32_1.0.100.202509120712/tools/bin/../lib/gcc/arm-none-eabi/13.3.1/../../../../arm-none-eabi/lib/thumb/v7e-m+fp/hard\libc_nano.a(libc_a-strstr.o)
                0x080088c8                strstr
 .text.__errno  0x080088f4        0xc D:/tool/Embedded/STM32/STM32CubeIDE_2.0.0/STM32CubeIDE/plugins/com.st.stm32cube.ide.mcu.externaltools.gnu-tools-for-stm32.13.3.rel1.win32_1.0.100.202509120712/tools/bin/../lib/gcc/arm-none-eabi/13.3.1/../../../../arm-none-eabi/lib/thumb/v7e-m+fp/hard\libc_nano.a(libc_a-errno.o)
                0x080088f4                __errno
 .text.__libc_init_array
                0x08008900       0x48 D:/tool/Embedded/STM32/STM32CubeIDE_2.0.0/STM32CubeIDE/plugins/com.st.stm32cube.ide.mcu.externaltools.gnu-tools-for-stm32.13.3.rel1.win32_1.0.100.202509120712/tools/bin/../lib/gcc/arm-none-eabi/13.3.1/../../../../arm-none-eabi/lib/thumb/v7e-m+fp/hard\libc_nano.a(libc_a-init.o)
                0x08008900                __libc_init_array
 .text.__retarget_lock_acquire_recursive
                0x08008948        0x2 D:/tool/Embedded/STM32/STM32CubeIDE_2.0.0/STM32CubeIDE/plugins/com.st.stm32cube.ide.mcu.externaltools.gnu-tools-for-stm32.13.3.rel1.win32_1.0.100.202509120712/tools/bin/../lib/gcc/arm-none-eabi/13.3.1/../../../../arm-none-eabi/lib/thumb/v7e-m+fp/hard\libc_nano.a(libc_a-lock.o)
                0x08008948                __retarget_lock_acquire_recursive
 .text.__retarget_lock_release_recursive
                0x0800894a        0x2 D:/tool/Embedded/STM32/STM32CubeIDE_2.0.0/STM32CubeIDE/plugins/com.st.stm32cube.ide.mcu.externaltools.gnu-tools-for-stm32.13.3.rel1.win32_1.0.100.202509120712/tools/bin/../lib/gcc/arm-none-eabi/13.3.1/../../../../arm-none-eabi/lib/thumb/v7e-m+fp/hard\libc_nano.a(libc_a-lock.o)
                0x0800894a                __retarget_lock_release_recursive
 .text.strcpy   0x0800894c       0x10 D:/tool/Embedded/STM32/STM32CubeIDE_2.0.0/STM32CubeIDE/plugins/com.st.stm32cube.ide.mcu.externaltools.gnu-tools-for-stm32.13.3.rel1.win32_1.0.100.202509120712/tools/bin/../lib/gcc/arm-none-eabi/13.3.1/../../../../arm-none-eabi/lib/thumb/v7e-m+fp/hard\libc_nano.a(libc_a-strcpy.o)
                0x0800894c                strcpy
 .text.memcpy   0x0800895c       0x1c D:/tool/Embedded/STM32/STM32CubeIDE_2.0.0/STM32CubeIDE/plugins/com.st.stm32cube.ide.mcu.externaltools.gnu-tools-for-stm32.13.3.rel1.win32_1.0.100.202509120712/tools/bin/../lib/gcc/arm-none-eabi/13.3.1/../../../../arm-none-eabi/lib/thumb/v7e-m+fp/hard\libc_nano.a(libc_a-memcpy-stub.o)
                0x0800895c                memcpy
 .text._free_r  0x08008978       0x94 D:/tool/Embedded/STM32/STM32CubeIDE_2.0.0/STM32CubeIDE/plugins/com.st.stm32cube.ide.mcu.externaltools.gnu-tools-for-stm32.13.3.rel1.win32_1.0.100.202509120712/tools/bin/../lib/gcc/arm-none-eabi/13.3.1/../../../../arm-none-eabi/lib/thumb/v7e-m+fp/hard\libc_nano.a(libc_a-freer.o)
                0x08008978                _free_r
 .text.sbrk_aligned
                0x08008a0c       0x44 D:/tool/Embedded/STM32/STM32CubeIDE_2.0.0/STM32CubeIDE/plugins/com.st.stm32cube.ide.mcu.externaltools.gnu-tools-for-stm32.13.3.rel1.win32_1.0.100.202509120712/tools/bin/../lib/gcc/arm-none-eabi/13.3.1/../../../../arm-none-eabi/lib/thumb/v7e-m+fp/hard\libc_nano.a(libc_a-mallocr.o)
 .text._malloc_r
                0x08008a50      0x100 D:/tool/Embedded/STM32/STM32CubeIDE_2.0.0/STM32CubeIDE/plugins/com.st.stm32cube.ide.mcu.externaltools.gnu-tools-for-stm32.13.3.rel1.win32_1.0.100.202509120712/tools/bin/../lib/gcc/arm-none-eabi/13.3.1/../../../../arm-none-eabi/lib/thumb/v7e-m+fp/hard\libc_nano.a(libc_a-mallocr.o)
                0x08008a50                _malloc_r
 .text.__malloc_lock
                0x08008b50        0xc D:/tool/Embedded/STM32/STM32CubeIDE_2.0.0/STM32CubeIDE/plugins/com.st.stm32cube.ide.mcu.externaltools.gnu-tools-for-stm32.13.3.rel1.win32_1.0.100.202509120712/tools/bin/../lib/gcc/arm-none-eabi/13.3.1/../../../../arm-none-eabi/lib/thumb/v7e-m+fp/hard\libc_nano.a(libc_a-mlock.o)
                0x08008b50                __malloc_lock
 .text.__malloc_unlock
                0x08008b5c        0xc D:/tool/Embedded/STM32/STM32CubeIDE_2.0.0/STM32CubeIDE/plugins/com.st.stm32cube.ide.mcu.externaltools.gnu-tools-for-stm32.13.3.rel1.win32_1.0.100.202509120712/tools/bin/../lib/gcc/arm-none-eabi/13.3.1/../../../../arm-none-eabi/lib/thumb/v7e-m+fp/hard\libc_nano.a(libc_a-mlock.o)
                0x08008b5c                __malloc_unlock
 .text.__ssputs_r
                0x08008b68       0xb6 D:/tool/Embedded/STM32/STM32CubeIDE_2.0.0/STM32CubeIDE/plugins/com.st.stm32cube.ide.mcu.externaltools.gnu-tools-for-stm32.13.3.rel1.win32_1.0.100.202509120712/tools/bin/../lib/gcc/arm-none-eabi/13.3.1/../../../../arm-none-eabi/lib/thumb/v7e-m+fp/hard\libc_nano.a(libc_a-nano-svfprintf.o)
                0x08008b68                __ssputs_r
 *fill*         0x08008c1e        0x2 
 .text._svfprintf_r
                0x08008c20      0x1f8 D:/tool/Embedded/STM32/STM32CubeIDE_2.0.0/STM32CubeIDE/plugins/com.st.stm32cube.ide.mcu.externaltools.gnu-tools-for-stm32.13.3.rel1.win32_1.0.100.202509120712/tools/bin/../lib/gcc/arm-none-eabi/13.3.1/../../../../arm-none-eabi/lib/thumb/v7e-m+fp/hard\libc_nano.a(libc_a-nano-svfprintf.o)
                0x08008c20                _svfiprintf_r
                0x08008c20                _svfprintf_r
 .text._printf_common
                0x08008e18       0xda D:/tool/Embedded/STM32/STM32CubeIDE_2.0.0/STM32CubeIDE/plugins/com.st.stm32cube.ide.mcu.externaltools.gnu-tools-for-stm32.13.3.rel1.win32_1.0.100.202509120712/tools/bin/../lib/gcc/arm-none-eabi/13.3.1/../../../../arm-none-eabi/lib/thumb/v7e-m+fp/hard\libc_nano.a(libc_a-nano-vfprintf_i.o)
                0x08008e18                _printf_common
 *fill*         0x08008ef2        0x2 
 .text._printf_i
                0x08008ef4      0x23c D:/tool/Embedded/STM32/STM32CubeIDE_2.0.0/STM32CubeIDE/plugins/com.st.stm32cube.ide.mcu.externaltools.gnu-tools-for-stm32.13.3.rel1.win32_1.0.100.202509120712/tools/bin/../lib/gcc/arm-none-eabi/13.3.1/../../../../arm-none-eabi/lib/thumb/v7e-m+fp/hard\libc_nano.a(libc_a-nano-vfprintf_i.o)
                0x08008ef4                _printf_i
 .text.memmove  0x08009130       0x34 D:/tool/Embedded/STM32/STM32CubeIDE_2.0.0/STM32CubeIDE/plugins/com.st.stm32cube.ide.mcu.externaltools.gnu-tools-for-stm32.13.3.rel1.win32_1.0.100.202509120712/tools/bin/../lib/gcc/arm-none-eabi/13.3.1/../../../../arm-none-eabi/lib/thumb/v7e-m+fp/hard\libc_nano.a(libc_a-memmove.o)
                0x08009130                memmove
 .text._sbrk_r  0x08009164       0x20 D:/tool/Embedded/STM32/STM32CubeIDE_2.0.0/STM32CubeIDE/plugins/com.st.stm32cube.ide.mcu.externaltools.gnu-tools-for-stm32.13.3.rel1.win32_1.0.100.202509120712/tools/bin/../lib/gcc/arm-none-eabi/13.3.1/../../../../arm-none-eabi/lib/thumb/v7e-m+fp/hard\libc_nano.a(libc_a-sbrkr.o)
                0x08009164                _sbrk_r
 .text._realloc_r
                0x08009184       0x5c D:/tool/Embedded/STM32/STM32CubeIDE_2.0.0/STM32CubeIDE/plugins/com.st.stm32cube.ide.mcu.externaltools.gnu-tools-for-stm32.13.3.rel1.win32_1.0.100.202509120712/tools/bin/../lib/gcc/arm-none-eabi/13.3.1/../../../../arm-none-eabi/lib/thumb/v7e-m+fp/hard\libc_nano.a(libc_a-reallocr.o)
                0x08009184                _realloc_r
 .text._malloc_usable_size_r
                0x080091e0       0x10 D:/tool/Embedded/STM32/STM32CubeIDE_2.0.0/STM32CubeIDE/plugins/com.st.stm32cube.ide.mcu.externaltools.gnu-tools-for-stm32.13.3.rel1.win32_1.0.100.202509120712/tools/bin/../lib/gcc/arm-none-eabi/13.3.1/../../../../arm-none-eabi/lib/thumb/v7e-m+fp/hard\libc_nano.a(libc_a-msizer.o)
                0x080091e0                _malloc_usable_size_r
 *(.glue_7)
 .glue_7        0x080091f0        0x0 linker stubs
 *(.glue_7t)
 .glue_7t       0x080091f0        0x0 linker stubs
 *(.eh_frame)
 .eh_frame      0x080091f0        0x0 D:/tool/Embedded/STM32/STM32CubeIDE_2.0.0/STM32CubeIDE/plugins/com.st.stm32cube.ide.mcu.externaltools.gnu-tools-for-stm32.13.3.rel1.win32_1.0.100.202509120712/tools/bin/../lib/gcc/arm-none-eabi/13.3.1/thumb/v7e-m+fp/hard/crtbegin.o
 *(.init)
 .init          0x080091f0        0x4 D:/tool/Embedded/STM32/STM32CubeIDE_2.0.0/STM32CubeIDE/plugins/com.st.stm32cube.ide.mcu.externaltools.gnu-tools-for-stm32.13.3.rel1.win32_1.0.100.202509120712/tools/bin/../lib/gcc/arm-none-eabi/13.3.1/thumb/v7e-m+fp/hard/crti.o
                0x080091f0                _init
 .init          0x080091f4        0x8 D:/tool/Embedded/STM32/STM32CubeIDE_2.0.0/STM32CubeIDE/plugins/com.st.stm32cube.ide.mcu.externaltools.gnu-tools-for-stm32.13.3.rel1.win32_1.0.100.202509120712/tools/bin/../lib/gcc/arm-none-eabi/13.3.1/thumb/v7e-m+fp/hard/crtn.o
 *(.fini)
 .fini          0x080091fc        0x4 D:/tool/Embedded/STM32/STM32CubeIDE_2.0.0/STM32CubeIDE/plugins/com.st.stm32cube.ide.mcu.externaltools.gnu-tools-for-stm32.13.3.rel1.win32_1.0.100.202509120712/tools/bin/../lib/gcc/arm-none-eabi/13.3.1/thumb/v7e-m+fp/hard/crti.o
                0x080091fc                _fini
 .fini          0x08009200        0x8 D:/tool/Embedded/STM32/STM32CubeIDE_2.0.0/STM32CubeIDE/plugins/com.st.stm32cube.ide.mcu.externaltools.gnu-tools-for-stm32.13.3.rel1.win32_1.0.100.202509120712/tools/bin/../lib/gcc/arm-none-eabi/13.3.1/thumb/v7e-m+fp/hard/crtn.o
                0x08009208                        . = ALIGN (0x4)
                0x08009208                        _etext = .

.vfp11_veneer   0x08009208        0x0
 .vfp11_veneer  0x08009208        0x0 linker stubs

.v4_bx          0x08009208        0x0
 .v4_bx         0x08009208        0x0 linker stubs

.iplt           0x08009208        0x0
 .iplt          0x08009208        0x0 D:/tool/Embedded/STM32/STM32CubeIDE_2.0.0/STM32CubeIDE/plugins/com.st.stm32cube.ide.mcu.externaltools.gnu-tools-for-stm32.13.3.rel1.win32_1.0.100.202509120712/tools/bin/../lib/gcc/arm-none-eabi/13.3.1/thumb/v7e-m+fp/hard/crtbegin.o

.rodata         0x08009208     0x1c30
                0x08009208                        . = ALIGN (0x4)
 *(.rodata)
 .rodata        0x08009208      0x314 ./Core/Src/esp32_bridge.o
 .rodata        0x0800951c     0x1665 ./Core/Src/main.o
 *(.rodata*)
 *fill*         0x0800ab81        0x3 
 .rodata.KEYPAD_MAP
                0x0800ab84        0xc ./Core/Src/keypad.o
 .rodata.COL_PORTS
                0x0800ab90        0xc ./Core/Src/keypad.o
 .rodata.COL_PINS
                0x0800ab9c        0x6 ./Core/Src/keypad.o
 *fill*         0x0800aba2        0x2 
 .rodata.ROW_PORTS
                0x0800aba4       0x10 ./Core/Src/keypad.o
 .rodata.ROW_PINS
                0x0800abb4        0x8 ./Core/Src/keypad.o
 .rodata.k      0x0800abbc      0x100 ./Core/Src/sha256.o
 .rodata.AHBPrescTable
                0x0800acbc       0x10 ./Core/Src/system_stm32l4xx.o
                0x0800acbc                AHBPrescTable
 .rodata.APBPrescTable
                0x0800accc        0x8 ./Core/Src/system_stm32l4xx.o
                0x0800accc                APBPrescTable
 .rodata.MSIRangeTable
                0x0800acd4       0x30 ./Core/Src/system_stm32l4xx.o
                0x0800acd4                MSIRangeTable
 .rodata._ctype_
                0x0800ad04      0x101 D:/tool/Embedded/STM32/STM32CubeIDE_2.0.0/STM32CubeIDE/plugins/com.st.stm32cube.ide.mcu.externaltools.gnu-tools-for-stm32.13.3.rel1.win32_1.0.100.202509120712/tools/bin/../lib/gcc/arm-none-eabi/13.3.1/../../../../arm-none-eabi/lib/thumb/v7e-m+fp/hard\libc_nano.a(libc_a-ctype_.o)
                0x0800ad04                _ctype_
 .rodata._svfprintf_r.str1.1
                0x0800ae05       0x33 D:/tool/Embedded/STM32/STM32CubeIDE_2.0.0/STM32CubeIDE/plugins/com.st.stm32cube.ide.mcu.externaltools.gnu-tools-for-stm32.13.3.rel1.win32_1.0.100.202509120712/tools/bin/../lib/gcc/arm-none-eabi/13.3.1/../../../../arm-none-eabi/lib/thumb/v7e-m+fp/hard\libc_nano.a(libc_a-nano-svfprintf.o)
                                 0x11 (size before relaxing)
 .rodata._printf_i.str1.1
                0x0800ae38        0x0 D:/tool/Embedded/STM32/STM32CubeIDE_2.0.0/STM32CubeIDE/plugins/com.st.stm32cube.ide.mcu.externaltools.gnu-tools-for-stm32.13.3.rel1.win32_1.0.100.202509120712/tools/bin/../lib/gcc/arm-none-eabi/13.3.1/../../../../arm-none-eabi/lib/thumb/v7e-m+fp/hard\libc_nano.a(libc_a-nano-vfprintf_i.o)
                                 0x22 (size before relaxing)
                0x0800ae38                        . = ALIGN (0x4)

.ARM.extab      0x0800ae38        0x0
                0x0800ae38                        . = ALIGN (0x4)
 *(.ARM.extab* .gnu.linkonce.armextab.*)
                0x0800ae38                        . = ALIGN (0x4)

.ARM            0x0800ae38        0x8
                0x0800ae38                        . = ALIGN (0x4)
                0x0800ae38                        __exidx_start = .
 *(.ARM.exidx*)
 .ARM.exidx     0x0800ae38        0x8 D:/tool/Embedded/STM32/STM32CubeIDE_2.0.0/STM32CubeIDE/plugins/com.st.stm32cube.ide.mcu.externaltools.gnu-tools-for-stm32.13.3.rel1.win32_1.0.100.202509120712/tools/bin/../lib/gcc/arm-none-eabi/13.3.1/../../../../arm-none-eabi/lib/thumb/v7e-m+fp/hard\libc_nano.a(libc_a-strlen.o)
 .ARM.exidx     0x0800ae40        0x0 D:/tool/Embedded/STM32/STM32CubeIDE_2.0.0/STM32CubeIDE/plugins/com.st.stm32cube.ide.mcu.externaltools.gnu-tools-for-stm32.13.3.rel1.win32_1.0.100.202509120712/tools/bin/../lib/gcc/arm-none-eabi/13.3.1/../../../../arm-none-eabi/lib/thumb/v7e-m+fp/hard\libc_nano.a(libc_a-memchr.o)
                                  0x8 (size before relaxing)
 .ARM.exidx     0x0800ae40        0x0 D:/tool/Embedded/STM32/STM32CubeIDE_2.0.0/STM32CubeIDE/plugins/com.st.stm32cube.ide.mcu.externaltools.gnu-tools-for-stm32.13.3.rel1.win32_1.0.100.202509120712/tools/bin/../lib/gcc/arm-none-eabi/13.3.1/thumb/v7e-m+fp/hard\libgcc.a(_udivmoddi4.o)
                                  0x8 (size before relaxing)
                0x0800ae40                        __exidx_end = .
                0x0800ae40                        . = ALIGN (0x4)

.preinit_array  0x0800ae40        0x0
                0x0800ae40                        . = ALIGN (0x4)
                0x0800ae40                        PROVIDE (__preinit_array_start = .)
 *(.preinit_array*)
                0x0800ae40                        PROVIDE (__preinit_array_end = .)
                0x0800ae40                        . = ALIGN (0x4)

.init_array     0x0800ae40        0x4
                0x0800ae40                        . = ALIGN (0x4)
                0x0800ae40                        PROVIDE (__init_array_start = .)
 *(SORT_BY_NAME(.init_array.*))
 *(.init_array*)
 .init_array    0x0800ae40        0x4 D:/tool/Embedded/STM32/STM32CubeIDE_2.0.0/STM32CubeIDE/plugins/com.st.stm32cube.ide.mcu.externaltools.gnu-tools-for-stm32.13.3.rel1.win32_1.0.100.202509120712/tools/bin/../lib/gcc/arm-none-eabi/13.3.1/thumb/v7e-m+fp/hard/crtbegin.o
                0x0800ae44                        PROVIDE (__init_array_end = .)
                0x0800ae44                        . = ALIGN (0x4)

.fini_array     0x0800ae44        0x4
                0x0800ae44                        . = ALIGN (0x4)
                [!provide]                        PROVIDE (__fini_array_start = .)
 *(SORT_BY_NAME(.fini_array.*))
 *(.fini_array*)
 .fini_array    0x0800ae44        0x4 D:/tool/Embedded/STM32/STM32CubeIDE_2.0.0/STM32CubeIDE/plugins/com.st.stm32cube.ide.mcu.externaltools.gnu-tools-for-stm32.13.3.rel1.win32_1.0.100.202509120712/tools/bin/../lib/gcc/arm-none-eabi/13.3.1/thumb/v7e-m+fp/hard/crtbegin.o
                [!provide]                        PROVIDE (__fini_array_end = .)
                0x0800ae48                        . = ALIGN (0x4)
                0x0800ae48                        _sidata = LOADADDR (.data)

.rel.dyn        0x0800ae48        0x0
 .rel.iplt      0x0800ae48        0x0 D:/tool/Embedded/STM32/STM32CubeIDE_2.0.0/STM32CubeIDE/plugins/com.st.stm32cube.ide.mcu.externaltools.gnu-tools-for-stm32.13.3.rel1.win32_1.0.100.202509120712/tools/bin/../lib/gcc/arm-none-eabi/13.3.1/thumb/v7e-m+fp/hard/crtbegin.o

.data           0x20000000       0x5c load address 0x0800ae48
                0x20000000                        . = ALIGN (0x4)
                0x20000000                        _sdata = .
 *(.data)
 *(.data*)
 .data.SystemCoreClock
                0x20000000        0x4 ./Core/Src/system_stm32l4xx.o
                0x20000000                SystemCoreClock
 .data.uwTickPrio
                0x20000004        0x4 ./Drivers/STM32L4xx_HAL_Driver/Src/stm32l4xx_hal.o
                0x20000004                uwTickPrio
 .data.uwTickFreq
                0x20000008        0x1 ./Drivers/STM32L4xx_HAL_Driver/Src/stm32l4xx_hal.o
                0x20000008                uwTickFreq
 *fill*         0x20000009        0x3 
 .data._impure_ptr
                0x2000000c        0x4 D:/tool/Embedded/STM32/STM32CubeIDE_2.0.0/STM32CubeIDE/plugins/com.st.stm32cube.ide.mcu.externaltools.gnu-tools-for-stm32.13.3.rel1.win32_1.0.100.202509120712/tools/bin/../lib/gcc/arm-none-eabi/13.3.1/../../../../arm-none-eabi/lib/thumb/v7e-m+fp/hard\libc_nano.a(libc_a-impure.o)
                0x2000000c                _impure_ptr
 .data._impure_data
                0x20000010       0x4c D:/tool/Embedded/STM32/STM32CubeIDE_2.0.0/STM32CubeIDE/plugins/com.st.stm32cube.ide.mcu.externaltools.gnu-tools-for-stm32.13.3.rel1.win32_1.0.100.202509120712/tools/bin/../lib/gcc/arm-none-eabi/13.3.1/../../../../arm-none-eabi/lib/thumb/v7e-m+fp/hard\libc_nano.a(libc_a-impure.o)
                0x20000010                _impure_data
 *(.RamFunc)
 *(.RamFunc*)
                0x2000005c                        . = ALIGN (0x4)
                0x2000005c                        _edata = .

.igot.plt       0x2000005c        0x0 load address 0x0800aea4
 .igot.plt      0x2000005c        0x0 D:/tool/Embedded/STM32/STM32CubeIDE_2.0.0/STM32CubeIDE/plugins/com.st.stm32cube.ide.mcu.externaltools.gnu-tools-for-stm32.13.3.rel1.win32_1.0.100.202509120712/tools/bin/../lib/gcc/arm-none-eabi/13.3.1/thumb/v7e-m+fp/hard/crtbegin.o
                0x2000005c                        . = ALIGN (0x4)

.bss            0x2000005c     0x69bc load address 0x0800aea4
                0x2000005c                        _sbss = .
                0x2000005c                        __bss_start__ = _sbss
 *(.bss)
 .bss           0x2000005c       0x1c D:/tool/Embedded/STM32/STM32CubeIDE_2.0.0/STM32CubeIDE/plugins/com.st.stm32cube.ide.mcu.externaltools.gnu-tools-for-stm32.13.3.rel1.win32_1.0.100.202509120712/tools/bin/../lib/gcc/arm-none-eabi/13.3.1/thumb/v7e-m+fp/hard/crtbegin.o
 *(.bss*)
 .bss.uart_rx_byte
                0x20000078        0x1 ./Core/Src/esp32_bridge.o
                0x20000078                uart_rx_byte
 *fill*         0x20000079        0x3 
 .bss.hrng      0x2000007c       0x10 ./Core/Src/main.o
                0x2000007c                hrng
 .bss.huart1    0x2000008c       0x88 ./Core/Src/main.o
                0x2000008c                huart1
 .bss.huart2    0x20000114       0x88 ./Core/Src/main.o
                0x20000114                huart2
 .bss.hdma_usart1_rx
                0x2000019c       0x48 ./Core/Src/main.o
                0x2000019c                hdma_usart1_rx
 .bss.hdma_usart1_tx
                0x200001e4       0x48 ./Core/Src/main.o
                0x200001e4                hdma_usart1_tx
 .bss.hdma_usart2_rx
                0x2000022c       0x48 ./Core/Src/main.o
                0x2000022c                hdma_usart2_rx
 .bss.fingerprint
                0x20000274       0x18 ./Core/Src/main.o
                0x20000274                fingerprint
 .bss.esp32     0x2000028c     0x1008 ./Core/Src/main.o
                0x2000028c                esp32
 .bss.session   0x20001294      0xf92 ./Core/Src/main.o
                0x20001294                session
 *fill*         0x20002226        0x2 
 .bss.json_buffer
                0x20002228      0x200 ./Core/Src/main.o
                0x20002228                json_buffer
 .bss.debug_buffer
                0x20002428      0x100 ./Core/Src/main.o
                0x20002428                debug_buffer
 .bss.election_names.4
                0x20002528      0x280 ./Core/Src/main.o
 .bss.response.3
                0x200027a8     0x1006 ./Core/Src/main.o
 *fill*         0x200037ae        0x2 
 .bss.response.2
                0x200037b0     0x1006 ./Core/Src/main.o
 *fill*         0x200047b6        0x2 
 .bss.response.1
                0x200047b8     0x1006 ./Core/Src/main.o
 *fill*         0x200057be        0x2 
 .bss.response.0
                0x200057c0     0x1006 ./Core/Src/main.o
 .bss.last_error
                0x200067c6        0x1 ./Core/Src/r307.o
 *fill*         0x200067c7        0x1 
 .bss.rx_buffer
                0x200067c8      0x100 ./Core/Src/r307.o
 .bss.__sbrk_heap_end
                0x200068c8        0x4 ./Core/Src/sysmem.o
 .bss.uwTick    0x200068cc        0x4 ./Drivers/STM32L4xx_HAL_Driver/Src/stm32l4xx_hal.o
                0x200068cc                uwTick
 .bss.__sf      0x200068d0      0x138 D:/tool/Embedded/STM32/STM32CubeIDE_2.0.0/STM32CubeIDE/plugins/com.st.stm32cube.ide.mcu.externaltools.gnu-tools-for-stm32.13.3.rel1.win32_1.0.100.202509120712/tools/bin/../lib/gcc/arm-none-eabi/13.3.1/../../../../arm-none-eabi/lib/thumb/v7e-m+fp/hard\libc_nano.a(libc_a-findfp.o)
                0x200068d0                __sf
 .bss.errno     0x20006a08        0x4 D:/tool/Embedded/STM32/STM32CubeIDE_2.0.0/STM32CubeIDE/plugins/com.st.stm32cube.ide.mcu.externaltools.gnu-tools-for-stm32.13.3.rel1.win32_1.0.100.202509120712/tools/bin/../lib/gcc/arm-none-eabi/13.3.1/../../../../arm-none-eabi/lib/thumb/v7e-m+fp/hard\libc_nano.a(libc_a-reent.o)
                0x20006a08                errno
 .bss.__lock___malloc_recursive_mutex
                0x20006a0c        0x1 D:/tool/Embedded/STM32/STM32CubeIDE_2.0.0/STM32CubeIDE/plugins/com.st.stm32cube.ide.mcu.externaltools.gnu-tools-for-stm32.13.3.rel1.win32_1.0.100.202509120712/tools/bin/../lib/gcc/arm-none-eabi/13.3.1/../../../../arm-none-eabi/lib/thumb/v7e-m+fp/hard\libc_nano.a(libc_a-lock.o)
                0x20006a0c                __lock___malloc_recursive_mutex
 *fill*         0x20006a0d        0x3 
 .bss.__malloc_sbrk_start
                0x20006a10        0x4 D:/tool/Embedded/STM32/STM32CubeIDE_2.0.0/STM32CubeIDE/plugins/com.st.stm32cube.ide.mcu.externaltools.gnu-tools-for-stm32.13.3.rel1.win32_1.0.100.202509120712/tools/bin/../lib/gcc/arm-none-eabi/13.3.1/../../../../arm-none-eabi/lib/thumb/v7e-m+fp/hard\libc_nano.a(libc_a-mallocr.o)
                0x20006a10                __malloc_sbrk_start
 .bss.__malloc_free_list
                0x20006a14        0x4 D:/tool/Embedded/STM32/STM32CubeIDE_2.0.0/STM32CubeIDE/plugins/com.st.stm32cube.ide.mcu.externaltools.gnu-tools-for-stm32.13.3.rel1.win32_1.0.100.202509120712/tools/bin/../lib/gcc/arm-none-eabi/13.3.1/../../../../arm-none-eabi/lib/thumb/v7e-m+fp/hard\libc_nano.a(libc_a-mallocr.o)
                0x20006a14                __malloc_free_list
 *(COMMON)
                0x20006a18                        . = ALIGN (0x4)
                0x20006a18                        _ebss = .
                0x20006a18                        __bss_end__ = _ebss

._user_heap_stack
                0x20006a18     0x2200 load address 0x0800aea4
                0x20006a18                        . = ALIGN (0x8)
                [!provide]                        PROVIDE (end = .)
                0x20006a18                        PROVIDE (_end = .)
                0x20006c18                        . = (. + _Min_Heap_Size)
 *fill*         0x20006a18      0x200 
                0x20008c18                        . = (. + _Min_Stack_Size)
 *fill*         0x20006c18     0x2000 
                0x20008c18                        . = ALIGN (0x8)

/DISCARD/
 libc.a(*)
 libm.a(*)
 libgcc.a(*)

.ARM.attributes
                0x00000000       0x30
 *(.ARM.attributes)
 .ARM.attributes
                0x00000000       0x22 D:/tool/Embedded/STM32/STM32CubeIDE_2.0.0/STM32CubeIDE/plugins/com.st.stm32cube.ide.mcu.externaltools.gnu-tools-for-stm32.13.3.rel1.win32_1.0.100.202509120712/tools/bin/../lib/gcc/arm-none-eabi/13.3.1/thumb/v7e-m+fp/hard/crti.o
 .ARM.attributes
                0x00000022       0x34 D:/tool/Embedded/STM32/STM32CubeIDE_2.0.0/STM32CubeIDE/plugins/com.st.stm32cube.ide.mcu.externaltools.gnu-tools-for-stm32.13.3.rel1.win32_1.0.100.202509120712/tools/bin/../lib/gcc/arm-none-eabi/13.3.1/thumb/v7e-m+fp/hard/crtbegin.o
 .ARM.attributes
                0x00000056       0x34 ./Core/Src/esp32_bridge.o
 .ARM.attributes
                0x0000008a       0x34 ./Core/Src/keypad.o
 .ARM.attributes
                0x000000be       0x34 ./Core/Src/main.o
 .ARM.attributes
                0x000000f2       0x34 ./Core/Src/r307.o
 .ARM.attributes
                0x00000126       0x34 ./Core/Src/sha256.o
 .ARM.attributes
                0x0000015a       0x34 ./Core/Src/stm32l4xx_hal_msp.o
 .ARM.attributes
                0x0000018e       0x34 ./Core/Src/stm32l4xx_it.o
 .ARM.attributes
                0x000001c2       0x34 ./Core/Src/sysmem.o
 .ARM.attributes
                0x000001f6       0x34 ./Core/Src/system_stm32l4xx.o
 .ARM.attributes
                0x0000022a       0x21 ./Core/Startup/startup_stm32l432kcux.o
 .ARM.attributes
                0x0000024b       0x34 ./Drivers/STM32L4xx_HAL_Driver/Src/stm32l4xx_hal.o
 .ARM.attributes
                0x0000027f       0x34 ./Drivers/STM32L4xx_HAL_Driver/Src/stm32l4xx_hal_cortex.o
 .ARM.attributes
                0x000002b3       0x34 ./Drivers/STM32L4xx_HAL_Driver/Src/stm32l4xx_hal_dma.o
 .ARM.attributes
                0x000002e7       0x34 ./Drivers/STM32L4xx_HAL_Driver/Src/stm32l4xx_hal_gpio.o
 .ARM.attributes
                0x0000031b       0x34 ./Drivers/STM32L4xx_HAL_Driver/Src/stm32l4xx_hal_pwr.o
 .ARM.attributes
                0x0000034f       0x34 ./Drivers/STM32L4xx_HAL_Driver/Src/stm32l4xx_hal_pwr_ex.o
 .ARM.attributes
                0x00000383       0x34 ./Drivers/STM32L4xx_HAL_Driver/Src/stm32l4xx_hal_rcc.o
 .ARM.attributes
                0x000003b7       0x34 ./Drivers/STM32L4xx_HAL_Driver/Src/stm32l4xx_hal_rcc_ex.o
 .ARM.attributes
                0x000003eb       0x34 ./Drivers/STM32L4xx_HAL_Driver/Src/stm32l4xx_hal_rng.o
 .ARM.attributes
                0x0000041f       0x34 ./Drivers/STM32L4xx_HAL_Driver/Src/stm32l4xx_hal_uart.o
 .ARM.attributes
                0x00000453       0x34 ./Drivers/STM32L4xx_HAL_Driver/Src/stm32l4xx_hal_uart_ex.o
 .ARM.attributes
                0x00000487       0x34 D:/tool/Embedded/STM32/STM32CubeIDE_2.0.0/STM32CubeIDE/plugins/com.st.stm32cube.ide.mcu.externaltools.gnu-tools-for-stm32.13.3.rel1.win32_1.0.100.202509120712/tools/bin/../lib/gcc/arm-none-eabi/13.3.1/../../../../arm-none-eabi/lib/thumb/v7e-m+fp/hard\libc_nano.a(libc_a-atoi.o)
 .ARM.attributes
                0x000004bb       0x34 D:/tool/Embedded/STM32/STM32CubeIDE_2.0.0/STM32CubeIDE/plugins/com.st.stm32cube.ide.mcu.externaltools.gnu-tools-for-stm32.13.3.rel1.win32_1.0.100.202509120712/tools/bin/../lib/gcc/arm-none-eabi/13.3.1/../../../../arm-none-eabi/lib/thumb/v7e-m+fp/hard\libc_nano.a(libc_a-strtol.o)
 .ARM.attributes
                0x000004ef       0x34 D:/tool/Embedded/STM32/STM32CubeIDE_2.0.0/STM32CubeIDE/plugins/com.st.stm32cube.ide.mcu.externaltools.gnu-tools-for-stm32.13.3.rel1.win32_1.0.100.202509120712/tools/bin/../lib/gcc/arm-none-eabi/13.3.1/../../../../arm-none-eabi/lib/thumb/v7e-m+fp/hard\libc_nano.a(libc_a-ctype_.o)
 .ARM.attributes
                0x00000523       0x34 D:/tool/Embedded/STM32/STM32CubeIDE_2.0.0/STM32CubeIDE/plugins/com.st.stm32cube.ide.mcu.externaltools.gnu-tools-for-stm32.13.3.rel1.win32_1.0.100.202509120712/tools/bin/../lib/gcc/arm-none-eabi/13.3.1/../../../../arm-none-eabi/lib/thumb/v7e-m+fp/hard\libc_nano.a(libc_a-findfp.o)
 .ARM.attributes
                0x00000557       0x34 D:/tool/Embedded/STM32/STM32CubeIDE_2.0.0/STM32CubeIDE/plugins/com.st.stm32cube.ide.mcu.externaltools.gnu-tools-for-stm32.13.3.rel1.win32_1.0.100.202509120712/tools/bin/../lib/gcc/arm-none-eabi/13.3.1/../../../../arm-none-eabi/lib/thumb/v7e-m+fp/hard\libc_nano.a(libc_a-snprintf.o)
 .ARM.attributes
                0x0000058b       0x34 D:/tool/Embedded/STM32/STM32CubeIDE_2.0.0/STM32CubeIDE/plugins/com.st.stm32cube.ide.mcu.externaltools.gnu-tools-for-stm32.13.3.rel1.win32_1.0.100.202509120712/tools/bin/../lib/gcc/arm-none-eabi/13.3.1/../../../../arm-none-eabi/lib/thumb/v7e-m+fp/hard\libc_nano.a(libc_a-sprintf.o)
 .ARM.attributes
                0x000005bf       0x34 D:/tool/Embedded/STM32/STM32CubeIDE_2.0.0/STM32CubeIDE/plugins/com.st.stm32cube.ide.mcu.externaltools.gnu-tools-for-stm32.13.3.rel1.win32_1.0.100.202509120712/tools/bin/../lib/gcc/arm-none-eabi/13.3.1/../../../../arm-none-eabi/lib/thumb/v7e-m+fp/hard\libc_nano.a(libc_a-vsnprintf.o)
 .ARM.attributes
                0x000005f3       0x34 D:/tool/Embedded/STM32/STM32CubeIDE_2.0.0/STM32CubeIDE/plugins/com.st.stm32cube.ide.mcu.externaltools.gnu-tools-for-stm32.13.3.rel1.win32_1.0.100.202509120712/tools/bin/../lib/gcc/arm-none-eabi/13.3.1/../../../../arm-none-eabi/lib/thumb/v7e-m+fp/hard\libc_nano.a(libc_a-memset.o)
 .ARM.attributes
                0x00000627       0x34 D:/tool/Embedded/STM32/STM32CubeIDE_2.0.0/STM32CubeIDE/plugins/com.st.stm32cube.ide.mcu.externaltools.gnu-tools-for-stm32.13.3.rel1.win32_1.0.100.202509120712/tools/bin/../lib/gcc/arm-none-eabi/13.3.1/../../../../arm-none-eabi/lib/thumb/v7e-m+fp/hard\libc_nano.a(libc_a-strchr.o)
 .ARM.attributes
                0x0000065b       0x34 D:/tool/Embedded/STM32/STM32CubeIDE_2.0.0/STM32CubeIDE/plugins/com.st.stm32cube.ide.mcu.externaltools.gnu-tools-for-stm32.13.3.rel1.win32_1.0.100.202509120712/tools/bin/../lib/gcc/arm-none-eabi/13.3.1/../../../../arm-none-eabi/lib/thumb/v7e-m+fp/hard\libc_nano.a(libc_a-strncmp.o)
 .ARM.attributes
                0x0000068f       0x34 D:/tool/Embedded/STM32/STM32CubeIDE_2.0.0/STM32CubeIDE/plugins/com.st.stm32cube.ide.mcu.externaltools.gnu-tools-for-stm32.13.3.rel1.win32_1.0.100.202509120712/tools/bin/../lib/gcc/arm-none-eabi/13.3.1/../../../../arm-none-eabi/lib/thumb/v7e-m+fp/hard\libc_nano.a(libc_a-strncpy.o)
 .ARM.attributes
                0x000006c3       0x34 D:/tool/Embedded/STM32/STM32CubeIDE_2.0.0/STM32CubeIDE/plugins/com.st.stm32cube.ide.mcu.externaltools.gnu-tools-for-stm32.13.3.rel1.win32_1.0.100.202509120712/tools/bin/../lib/gcc/arm-none-eabi/13.3.1/../../../../arm-none-eabi/lib/thumb/v7e-m+fp/hard\libc_nano.a(libc_a-strstr.o)
 .ARM.attributes
                0x000006f7       0x34 D:/tool/Embedded/STM32/STM32CubeIDE_2.0.0/STM32CubeIDE/plugins/com.st.stm32cube.ide.mcu.externaltools.gnu-tools-for-stm32.13.3.rel1.win32_1.0.100.202509120712/tools/bin/../lib/gcc/arm-none-eabi/13.3.1/../../../../arm-none-eabi/lib/thumb/v7e-m+fp/hard\libc_nano.a(libc_a-reent.o)
 .ARM.attributes
                0x0000072b       0x34 D:/tool/Embedded/STM32/STM32CubeIDE_2.0.0/STM32CubeIDE/plugins/com.st.stm32cube.ide.mcu.externaltools.gnu-tools-for-stm32.13.3.rel1.win32_1.0.100.202509120712/tools/bin/../lib/gcc/arm-none-eabi/13.3.1/../../../../arm-none-eabi/lib/thumb/v7e-m+fp/hard\libc_nano.a(libc_a-impure.o)
 .ARM.attributes
                0x0000075f       0x34 D:/tool/Embedded/STM32/STM32CubeIDE_2.0.0/STM32CubeIDE/plugins/com.st.stm32cube.ide.mcu.externaltools.gnu-tools-for-stm32.13.3.rel1.win32_1.0.100.202509120712/tools/bin/../lib/gcc/arm-none-eabi/13.3.1/../../../../arm-none-eabi/lib/thumb/v7e-m+fp/hard\libc_nano.a(libc_a-errno.o)
 .ARM.attributes
                0x00000793       0x34 D:/tool/Embedded/STM32/STM32CubeIDE_2.0.0/STM32CubeIDE/plugins/com.st.stm32cube.ide.mcu.externaltools.gnu-tools-for-stm32.13.3.rel1.win32_1.0.100.202509120712/tools/bin/../lib/gcc/arm-none-eabi/13.3.1/../../../../arm-none-eabi/lib/thumb/v7e-m+fp/hard\libc_nano.a(libc_a-init.o)
 .ARM.attributes
                0x000007c7       0x34 D:/tool/Embedded/STM32/STM32CubeIDE_2.0.0/STM32CubeIDE/plugins/com.st.stm32cube.ide.mcu.externaltools.gnu-tools-for-stm32.13.3.rel1.win32_1.0.100.202509120712/tools/bin/../lib/gcc/arm-none-eabi/13.3.1/../../../../arm-none-eabi/lib/thumb/v7e-m+fp/hard\libc_nano.a(libc_a-lock.o)
 .ARM.attributes
                0x000007fb       0x34 D:/tool/Embedded/STM32/STM32CubeIDE_2.0.0/STM32CubeIDE/plugins/com.st.stm32cube.ide.mcu.externaltools.gnu-tools-for-stm32.13.3.rel1.win32_1.0.100.202509120712/tools/bin/../lib/gcc/arm-none-eabi/13.3.1/../../../../arm-none-eabi/lib/thumb/v7e-m+fp/hard\libc_nano.a(libc_a-strcpy.o)
 .ARM.attributes
                0x0000082f       0x34 D:/tool/Embedded/STM32/STM32CubeIDE_2.0.0/STM32CubeIDE/plugins/com.st.stm32cube.ide.mcu.externaltools.gnu-tools-for-stm32.13.3.rel1.win32_1.0.100.202509120712/tools/bin/../lib/gcc/arm-none-eabi/13.3.1/../../../../arm-none-eabi/lib/thumb/v7e-m+fp/hard\libc_nano.a(libc_a-memcpy-stub.o)
 .ARM.attributes
                0x00000863       0x17 D:/tool/Embedded/STM32/STM32CubeIDE_2.0.0/STM32CubeIDE/plugins/com.st.stm32cube.ide.mcu.externaltools.gnu-tools-for-stm32.13.3.rel1.win32_1.0.100.202509120712/tools/bin/../lib/gcc/arm-none-eabi/13.3.1/../../../../arm-none-eabi/lib/thumb/v7e-m+fp/hard\libc_nano.a(libc_a-strlen.o)
 .ARM.attributes
                0x0000087a       0x34 D:/tool/Embedded/STM32/STM32CubeIDE_2.0.0/STM32CubeIDE/plugins/com.st.stm32cube.ide.mcu.externaltools.gnu-tools-for-stm32.13.3.rel1.win32_1.0.100.202509120712/tools/bin/../lib/gcc/arm-none-eabi/13.3.1/../../../../arm-none-eabi/lib/thumb/v7e-m+fp/hard\libc_nano.a(libc_a-freer.o)
 .ARM.attributes
                0x000008ae       0x34 D:/tool/Embedded/STM32/STM32CubeIDE_2.0.0/STM32CubeIDE/plugins/com.st.stm32cube.ide.mcu.externaltools.gnu-tools-for-stm32.13.3.rel1.win32_1.0.100.202509120712/tools/bin/../lib/gcc/arm-none-eabi/13.3.1/../../../../arm-none-eabi/lib/thumb/v7e-m+fp/hard\libc_nano.a(libc_a-mallocr.o)
 .ARM.attributes
                0x000008e2       0x34 D:/tool/Embedded/STM32/STM32CubeIDE_2.0.0/STM32CubeIDE/plugins/com.st.stm32cube.ide.mcu.externaltools.gnu-tools-for-stm32.13.3.rel1.win32_1.0.100.202509120712/tools/bin/../lib/gcc/arm-none-eabi/13.3.1/../../../../arm-none-eabi/lib/thumb/v7e-m+fp/hard\libc_nano.a(libc_a-mlock.o)
 .ARM.attributes
                0x00000916       0x34 D:/tool/Embedded/STM32/STM32CubeIDE_2.0.0/STM32CubeIDE/plugins/com.st.stm32cube.ide.mcu.externaltools.gnu-tools-for-stm32.13.3.rel1.win32_1.0.100.202509120712/tools/bin/../lib/gcc/arm-none-eabi/13.3.1/../../../../arm-none-eabi/lib/thumb/v7e-m+fp/hard\libc_nano.a(libc_a-nano-svfprintf.o)
 .ARM.attributes
                0x0000094a       0x34 D:/tool/Embedded/STM32/STM32CubeIDE_2.0.0/STM32CubeIDE/plugins/com.st.stm32cube.ide.mcu.externaltools.gnu-tools-for-stm32.13.3.rel1.win32_1.0.100.202509120712/tools/bin/../lib/gcc/arm-none-eabi/13.3.1/../../../../arm-none-eabi/lib/thumb/v7e-m+fp/hard\libc_nano.a(libc_a-nano-vfprintf_i.o)
 .ARM.attributes
                0x0000097e       0x34 D:/tool/Embedded/STM32/STM32CubeIDE_2.0.0/STM32CubeIDE/plugins/com.st.stm32cube.ide.mcu.externaltools.gnu-tools-for-stm32.13.3.rel1.win32_1.0.100.202509120712/tools/bin/../lib/gcc/arm-none-eabi/13.3.1/../../../../arm-none-eabi/lib/thumb/v7e-m+fp/hard\libc_nano.a(libc_a-memmove.o)
 .ARM.attributes
                0x000009b2       0x34 D:/tool/Embedded/STM32/STM32CubeIDE_2.0.0/STM32CubeIDE/plugins/com.st.stm32cube.ide.mcu.externaltools.gnu-tools-for-stm32.13.3.rel1.win32_1.0.100.202509120712/tools/bin/../lib/gcc/arm-none-eabi/13.3.1/../../../../arm-none-eabi/lib/thumb/v7e-m+fp/hard\libc_nano.a(libc_a-sbrkr.o)
 .ARM.attributes
                0x000009e6       0x1c D:/tool/Embedded/STM32/STM32CubeIDE_2.0.0/STM32CubeIDE/plugins/com.st.stm32cube.ide.mcu.externaltools.gnu-tools-for-stm32.13.3.rel1.win32_1.0.100.202509120712/tools/bin/../lib/gcc/arm-none-eabi/13.3.1/../../../../arm-none-eabi/lib/thumb/v7e-m+fp/hard\libc_nano.a(libc_a-memchr.o)
 .ARM.attributes
                0x00000a02       0x34 D:/tool/Embedded/STM32/STM32CubeIDE_2.0.0/STM32CubeIDE/plugins/com.st.stm32cube.ide.mcu.externaltools.gnu-tools-for-stm32.13.3.rel1.win32_1.0.100.202509120712/tools/bin/../lib/gcc/arm-none-eabi/13.3.1/../../../../arm-none-eabi/lib/thumb/v7e-m+fp/hard\libc_nano.a(libc_a-reallocr.o)
 .ARM.attributes
                0x00000a36       0x34 D:/tool/Embedded/STM32/STM32CubeIDE_2.0.0/STM32CubeIDE/plugins/com.st.stm32cube.ide.mcu.externaltools.gnu-tools-for-stm32.13.3.rel1.win32_1.0.100.202509120712/tools/bin/../lib/gcc/arm-none-eabi/13.3.1/../../../../arm-none-eabi/lib/thumb/v7e-m+fp/hard\libc_nano.a(libc_a-msizer.o)
 .ARM.attributes
                0x00000a6a       0x22 D:/tool/Embedded/STM32/STM32CubeIDE_2.0.0/STM32CubeIDE/plugins/com.st.stm32cube.ide.mcu.externaltools.gnu-tools-for-stm32.13.3.rel1.win32_1.0.100.202509120712/tools/bin/../lib/gcc/arm-none-eabi/13.3.1/thumb/v7e-m+fp/hard\libgcc.a(_aeabi_uldivmod.o)
 .ARM.attributes
                0x00000a8c       0x34 D:/tool/Embedded/STM32/STM32CubeIDE_2.0.0/STM32CubeIDE/plugins/com.st.stm32cube.ide.mcu.externaltools.gnu-tools-for-stm32.13.3.rel1.win32_1.0.100.202509120712/tools/bin/../lib/gcc/arm-none-eabi/13.3.1/thumb/v7e-m+fp/hard\libgcc.a(_udivmoddi4.o)
 .ARM.attributes
                0x00000ac0       0x22 D:/tool/Embedded/STM32/STM32CubeIDE_2.0.0/STM32CubeIDE/plugins/com.st.stm32cube.ide.mcu.externaltools.gnu-tools-for-stm32.13.3.rel1.win32_1.0.100.202509120712/tools/bin/../lib/gcc/arm-none-eabi/13.3.1/thumb/v7e-m+fp/hard\libgcc.a(_dvmd_tls.o)
 .ARM.attributes
                0x00000ae2       0x22 D:/tool/Embedded/STM32/STM32CubeIDE_2.0.0/STM32CubeIDE/plugins/com.st.stm32cube.ide.mcu.externaltools.gnu-tools-for-stm32.13.3.rel1.win32_1.0.100.202509120712/tools/bin/../lib/gcc/arm-none-eabi/13.3.1/thumb/v7e-m+fp/hard/crtn.o
OUTPUT(BlockchainVotingMX.elf elf32-littlearm)
LOAD linker stubs
LOAD D:/tool/Embedded/STM32/STM32CubeIDE_2.0.0/STM32CubeIDE/plugins/com.st.stm32cube.ide.mcu.externaltools.gnu-tools-for-stm32.13.3.rel1.win32_1.0.100.202509120712/tools/bin/../lib/gcc/arm-none-eabi/13.3.1/../../../../arm-none-eabi/lib/thumb/v7e-m+fp/hard\libc.a
LOAD D:/tool/Embedded/STM32/STM32CubeIDE_2.0.0/STM32CubeIDE/plugins/com.st.stm32cube.ide.mcu.externaltools.gnu-tools-for-stm32.13.3.rel1.win32_1.0.100.202509120712/tools/bin/../lib/gcc/arm-none-eabi/13.3.1/../../../../arm-none-eabi/lib/thumb/v7e-m+fp/hard\libm.a
LOAD D:/tool/Embedded/STM32/STM32CubeIDE_2.0.0/STM32CubeIDE/plugins/com.st.stm32cube.ide.mcu.externaltools.gnu-tools-for-stm32.13.3.rel1.win32_1.0.100.202509120712/tools/bin/../lib/gcc/arm-none-eabi/13.3.1/thumb/v7e-m+fp/hard\libgcc.a

.debug_info     0x00000000    0x11572
 .debug_info    0x00000000     0x13f7 ./Core/Src/esp32_bridge.o
 .debug_info    0x000013f7      0x63e ./Core/Src/keypad.o
 .debug_info    0x00001a35     0x23ea ./Core/Src/main.o
 .debug_info    0x00003e1f     0x12b2 ./Core/Src/r307.o
 .debug_info    0x000050d1      0x342 ./Core/Src/sha256.o
 .debug_info    0x00005413     0x101b ./Core/Src/stm32l4xx_hal_msp.o
 .debug_info    0x0000642e      0x7be ./Core/Src/stm32l4xx_it.o
 .debug_info    0x00006bec      0x168 ./Core/Src/sysmem.o
 .debug_info    0x00006d54      0x5f0 ./Core/Src/system_stm32l4xx.o
 .debug_info    0x00007344       0x30 ./Core/Startup/startup_stm32l432kcux.o
 .debug_info    0x00007374      0x9e0 ./Drivers/STM32L4xx_HAL_Driver/Src/stm32l4xx_hal.o
 .debug_info    0x00007d54      0xd2f ./Drivers/STM32L4xx_HAL_Driver/Src/stm32l4xx_hal_cortex.o
 .debug_info    0x00008a83      0x71a ./Drivers/STM32L4xx_HAL_Driver/Src/stm32l4xx_hal_dma.o
 .debug_info    0x0000919d      0x79f ./Drivers/STM32L4xx_HAL_Driver/Src/stm32l4xx_hal_gpio.o
 .debug_info    0x0000993c      0x958 ./Drivers/STM32L4xx_HAL_Driver/Src/stm32l4xx_hal_pwr.o
 .debug_info    0x0000a294      0x94c ./Drivers/STM32L4xx_HAL_Driver/Src/stm32l4xx_hal_pwr_ex.o
 .debug_info    0x0000abe0      0xbf4 ./Drivers/STM32L4xx_HAL_Driver/Src/stm32l4xx_hal_rcc.o
 .debug_info    0x0000b7d4      0xf2c ./Drivers/STM32L4xx_HAL_Driver/Src/stm32l4xx_hal_rcc_ex.o
 .debug_info    0x0000c700      0x4e9 ./Drivers/STM32L4xx_HAL_Driver/Src/stm32l4xx_hal_rng.o
 .debug_info    0x0000cbe9     0x3b9c ./Drivers/STM32L4xx_HAL_Driver/Src/stm32l4xx_hal_uart.o
 .debug_info    0x00010785      0xded ./Drivers/STM32L4xx_HAL_Driver/Src/stm32l4xx_hal_uart_ex.o

.debug_abbrev   0x00000000     0x2db5
 .debug_abbrev  0x00000000      0x35c ./Core/Src/esp32_bridge.o
 .debug_abbrev  0x0000035c      0x1c8 ./Core/Src/keypad.o
 .debug_abbrev  0x00000524      0x466 ./Core/Src/main.o
 .debug_abbrev  0x0000098a      0x323 ./Core/Src/r307.o
 .debug_abbrev  0x00000cad      0x11b ./Core/Src/sha256.o
 .debug_abbrev  0x00000dc8      0x234 ./Core/Src/stm32l4xx_hal_msp.o
 .debug_abbrev  0x00000ffc      0x1cc ./Core/Src/stm32l4xx_it.o
 .debug_abbrev  0x000011c8       0xbc ./Core/Src/sysmem.o
 .debug_abbrev  0x00001284      0x117 ./Core/Src/system_stm32l4xx.o
 .debug_abbrev  0x0000139b       0x24 ./Core/Startup/startup_stm32l432kcux.o
 .debug_abbrev  0x000013bf      0x226 ./Drivers/STM32L4xx_HAL_Driver/Src/stm32l4xx_hal.o
 .debug_abbrev  0x000015e5      0x31c ./Drivers/STM32L4xx_HAL_Driver/Src/stm32l4xx_hal_cortex.o
 .debug_abbrev  0x00001901      0x1fd ./Drivers/STM32L4xx_HAL_Driver/Src/stm32l4xx_hal_dma.o
 .debug_abbrev  0x00001afe      0x1d1 ./Drivers/STM32L4xx_HAL_Driver/Src/stm32l4xx_hal_gpio.o
 .debug_abbrev  0x00001ccf      0x1e5 ./Drivers/STM32L4xx_HAL_Driver/Src/stm32l4xx_hal_pwr.o
 .debug_abbrev  0x00001eb4      0x1f9 ./Drivers/STM32L4xx_HAL_Driver/Src/stm32l4xx_hal_pwr_ex.o
 .debug_abbrev  0x000020ad      0x2dc ./Drivers/STM32L4xx_HAL_Driver/Src/stm32l4xx_hal_rcc.o
 .debug_abbrev  0x00002389      0x2a0 ./Drivers/STM32L4xx_HAL_Driver/Src/stm32l4xx_hal_rcc_ex.o
 .debug_abbrev  0x00002629      0x1c9 ./Drivers/STM32L4xx_HAL_Driver/Src/stm32l4xx_hal_rng.o
 .debug_abbrev  0x000027f2      0x2f3 ./Drivers/STM32L4xx_HAL_Driver/Src/stm32l4xx_hal_uart.o
 .debug_abbrev  0x00002ae5      0x2d0 ./Drivers/STM32L4xx_HAL_Driver/Src/stm32l4xx_hal_uart_ex.o

.debug_aranges  0x00000000      0xe48
 .debug_aranges
                0x00000000       0xf0 ./Core/Src/esp32_bridge.o
 .debug_aranges
                0x000000f0       0x30 ./Core/Src/keypad.o
 .debug_aranges
                0x00000120      0x170 ./Core/Src/main.o
 .debug_aranges
                0x00000290       0xc8 ./Core/Src/r307.o
 .debug_aranges
                0x00000358       0x40 ./Core/Src/sha256.o
 .debug_aranges
                0x00000398       0x40 ./Core/Src/stm32l4xx_hal_msp.o
 .debug_aranges
                0x000003d8       0x88 ./Core/Src/stm32l4xx_it.o
 .debug_aranges
                0x00000460       0x20 ./Core/Src/sysmem.o
 .debug_aranges
                0x00000480       0x28 ./Core/Src/system_stm32l4xx.o
 .debug_aranges
                0x000004a8       0x28 ./Core/Startup/startup_stm32l432kcux.o
 .debug_aranges
                0x000004d0      0x108 ./Drivers/STM32L4xx_HAL_Driver/Src/stm32l4xx_hal.o
 .debug_aranges
                0x000005d8      0x128 ./Drivers/STM32L4xx_HAL_Driver/Src/stm32l4xx_hal_cortex.o
 .debug_aranges
                0x00000700       0x80 ./Drivers/STM32L4xx_HAL_Driver/Src/stm32l4xx_hal_dma.o
 .debug_aranges
                0x00000780       0x58 ./Drivers/STM32L4xx_HAL_Driver/Src/stm32l4xx_hal_gpio.o
 .debug_aranges
                0x000007d8       0x98 ./Drivers/STM32L4xx_HAL_Driver/Src/stm32l4xx_hal_pwr.o
 .debug_aranges
                0x00000870      0x128 ./Drivers/STM32L4xx_HAL_Driver/Src/stm32l4xx_hal_pwr_ex.o
 .debug_aranges
                0x00000998       0x90 ./Drivers/STM32L4xx_HAL_Driver/Src/stm32l4xx_hal_rcc.o
 .debug_aranges
                0x00000a28       0xf0 ./Drivers/STM32L4xx_HAL_Driver/Src/stm32l4xx_hal_rcc_ex.o
 .debug_aranges
                0x00000b18       0x88 ./Drivers/STM32L4xx_HAL_Driver/Src/stm32l4xx_hal_rng.o
 .debug_aranges
                0x00000ba0      0x228 ./Drivers/STM32L4xx_HAL_Driver/Src/stm32l4xx_hal_uart.o
 .debug_aranges
                0x00000dc8       0x80 ./Drivers/STM32L4xx_HAL_Driver/Src/stm32l4xx_hal_uart_ex.o

.debug_rnglists
                0x00000000      0xb2b
 .debug_rnglists
                0x00000000       0xba ./Core/Src/esp32_bridge.o
 .debug_rnglists
                0x000000ba       0x21 ./Core/Src/keypad.o
 .debug_rnglists
                0x000000db      0x160 ./Core/Src/main.o
 .debug_rnglists
                0x0000023b       0x9d ./Core/Src/r307.o
 .debug_rnglists
                0x000002d8       0x2d ./Core/Src/sha256.o
 .debug_rnglists
                0x00000305       0x2e ./Core/Src/stm32l4xx_hal_msp.o
 .debug_rnglists
                0x00000333       0x61 ./Core/Src/stm32l4xx_it.o
 .debug_rnglists
                0x00000394       0x13 ./Core/Src/sysmem.o
 .debug_rnglists
                0x000003a7       0x1a ./Core/Src/system_stm32l4xx.o
 .debug_rnglists
                0x000003c1       0x19 ./Core/Startup/startup_stm32l432kcux.o
 .debug_rnglists
                0x000003da       0xc1 ./Drivers/STM32L4xx_HAL_Driver/Src/stm32l4xx_hal.o
 .debug_rnglists
                0x0000049b       0xda ./Drivers/STM32L4xx_HAL_Driver/Src/stm32l4xx_hal_cortex.o
 .debug_rnglists
                0x00000575       0x65 ./Drivers/STM32L4xx_HAL_Driver/Src/stm32l4xx_hal_dma.o
 .debug_rnglists
                0x000005da       0x3f ./Drivers/STM32L4xx_HAL_Driver/Src/stm32l4xx_hal_gpio.o
 .debug_rnglists
                0x00000619       0x6e ./Drivers/STM32L4xx_HAL_Driver/Src/stm32l4xx_hal_pwr.o
 .debug_rnglists
                0x00000687       0xdf ./Drivers/STM32L4xx_HAL_Driver/Src/stm32l4xx_hal_pwr_ex.o
 .debug_rnglists
                0x00000766       0x6d ./Drivers/STM32L4xx_HAL_Driver/Src/stm32l4xx_hal_rcc.o
 .debug_rnglists
                0x000007d3       0xba ./Drivers/STM32L4xx_HAL_Driver/Src/stm32l4xx_hal_rcc_ex.o
 .debug_rnglists
                0x0000088d       0x64 ./Drivers/STM32L4xx_HAL_Driver/Src/stm32l4xx_hal_rng.o
 .debug_rnglists
                0x000008f1      0x1da ./Drivers/STM32L4xx_HAL_Driver/Src/stm32l4xx_hal_uart.o
 .debug_rnglists
                0x00000acb       0x60 ./Drivers/STM32L4xx_HAL_Driver/Src/stm32l4xx_hal_uart_ex.o

.debug_macro    0x00000000    0x214cb
 .debug_macro   0x00000000      0x322 ./Core/Src/esp32_bridge.o
 .debug_macro   0x00000322      0xad8 ./Core/Src/esp32_bridge.o
 .debug_macro   0x00000dfa      0x1a7 ./Core/Src/esp32_bridge.o
 .debug_macro   0x00000fa1       0x2e ./Core/Src/esp32_bridge.o
 .debug_macro   0x00000fcf       0x28 ./Core/Src/esp32_bridge.o
 .debug_macro   0x00000ff7       0x22 ./Core/Src/esp32_bridge.o
 .debug_macro   0x00001019       0x8e ./Core/Src/esp32_bridge.o
 .debug_macro   0x000010a7       0x51 ./Core/Src/esp32_bridge.o
 .debug_macro   0x000010f8      0x103 ./Core/Src/esp32_bridge.o
 .debug_macro   0x000011fb       0x6a ./Core/Src/esp32_bridge.o
 .debug_macro   0x00001265      0x1df ./Core/Src/esp32_bridge.o
 .debug_macro   0x00001444       0x1c ./Core/Src/esp32_bridge.o
 .debug_macro   0x00001460       0x22 ./Core/Src/esp32_bridge.o
 .debug_macro   0x00001482       0xfb ./Core/Src/esp32_bridge.o
 .debug_macro   0x0000157d     0x1011 ./Core/Src/esp32_bridge.o
 .debug_macro   0x0000258e      0x11f ./Core/Src/esp32_bridge.o
 .debug_macro   0x000026ad    0x147a6 ./Core/Src/esp32_bridge.o
 .debug_macro   0x00016e53       0x6d ./Core/Src/esp32_bridge.o
 .debug_macro   0x00016ec0     0x38fb ./Core/Src/esp32_bridge.o
 .debug_macro   0x0001a7bb      0x190 ./Core/Src/esp32_bridge.o
 .debug_macro   0x0001a94b       0x5c ./Core/Src/esp32_bridge.o
 .debug_macro   0x0001a9a7     0x11ca ./Core/Src/esp32_bridge.o
 .debug_macro   0x0001bb71      0x53c ./Core/Src/esp32_bridge.o
 .debug_macro   0x0001c0ad      0x1b9 ./Core/Src/esp32_bridge.o
 .debug_macro   0x0001c266      0x122 ./Core/Src/esp32_bridge.o
 .debug_macro   0x0001c388      0x2c4 ./Core/Src/esp32_bridge.o
 .debug_macro   0x0001c64c      0x27a ./Core/Src/esp32_bridge.o
 .debug_macro   0x0001c8c6      0x23d ./Core/Src/esp32_bridge.o
 .debug_macro   0x0001cb03      0x241 ./Core/Src/esp32_bridge.o
 .debug_macro   0x0001cd44      0x375 ./Core/Src/esp32_bridge.o
 .debug_macro   0x0001d0b9       0xd6 ./Core/Src/esp32_bridge.o
 .debug_macro   0x0001d18f      0x122 ./Core/Src/esp32_bridge.o
 .debug_macro   0x0001d2b1      0x356 ./Core/Src/esp32_bridge.o
 .debug_macro   0x0001d607       0xa4 ./Core/Src/esp32_bridge.o
 .debug_macro   0x0001d6ab      0x5cf ./Core/Src/esp32_bridge.o
 .debug_macro   0x0001dc7a       0x44 ./Core/Src/esp32_bridge.o
 .debug_macro   0x0001dcbe      0x220 ./Core/Src/esp32_bridge.o
 .debug_macro   0x0001dede       0x61 ./Core/Src/esp32_bridge.o
 .debug_macro   0x0001df3f       0x2a ./Core/Src/esp32_bridge.o
 .debug_macro   0x0001df69       0x43 ./Core/Src/esp32_bridge.o
 .debug_macro   0x0001dfac       0x34 ./Core/Src/esp32_bridge.o
 .debug_macro   0x0001dfe0       0x16 ./Core/Src/esp32_bridge.o
 .debug_macro   0x0001dff6       0x3c ./Core/Src/esp32_bridge.o
 .debug_macro   0x0001e032      0x370 ./Core/Src/esp32_bridge.o
 .debug_macro   0x0001e3a2       0x10 ./Core/Src/esp32_bridge.o
 .debug_macro   0x0001e3b2       0x16 ./Core/Src/esp32_bridge.o
 .debug_macro   0x0001e3c8       0x4a ./Core/Src/esp32_bridge.o
 .debug_macro   0x0001e412       0x34 ./Core/Src/esp32_bridge.o
 .debug_macro   0x0001e446       0x10 ./Core/Src/esp32_bridge.o
 .debug_macro   0x0001e456       0x58 ./Core/Src/esp32_bridge.o
 .debug_macro   0x0001e4ae       0x8e ./Core/Src/esp32_bridge.o
 .debug_macro   0x0001e53c       0x1c ./Core/Src/esp32_bridge.o
 .debug_macro   0x0001e558      0x185 ./Core/Src/esp32_bridge.o
 .debug_macro   0x0001e6dd       0x16 ./Core/Src/esp32_bridge.o
 .debug_macro   0x0001e6f3       0x16 ./Core/Src/esp32_bridge.o
 .debug_macro   0x0001e709      0x146 ./Core/Src/esp32_bridge.o
 .debug_macro   0x0001e84f       0x16 ./Core/Src/esp32_bridge.o
 .debug_macro   0x0001e865       0x16 ./Core/Src/esp32_bridge.o
 .debug_macro   0x0001e87b       0x29 ./Core/Src/esp32_bridge.o
 .debug_macro   0x0001e8a4       0x16 ./Core/Src/esp32_bridge.o
 .debug_macro   0x0001e8ba       0x20 ./Core/Src/esp32_bridge.o
 .debug_macro   0x0001e8da       0x22 ./Core/Src/esp32_bridge.o
 .debug_macro   0x0001e8fc       0x2e ./Core/Src/esp32_bridge.o
 .debug_macro   0x0001e92a       0x4c ./Core/Src/esp32_bridge.o
 .debug_macro   0x0001e976      0x1d4 ./Core/Src/keypad.o
 .debug_macro   0x0001eb4a       0x5e ./Core/Src/keypad.o
 .debug_macro   0x0001eba8      0x3b4 ./Core/Src/main.o
 .debug_macro   0x0001ef5c       0x34 ./Core/Src/main.o
 .debug_macro   0x0001ef90      0x11f ./Core/Src/main.o
 .debug_macro   0x0001f0af      0x106 ./Core/Src/main.o
 .debug_macro   0x0001f1b5       0x64 ./Core/Src/main.o
 .debug_macro   0x0001f219      0x2ab ./Core/Src/r307.o
 .debug_macro   0x0001f4c4      0x100 ./Core/Src/r307.o
 .debug_macro   0x0001f5c4       0x10 ./Core/Src/r307.o
 .debug_macro   0x0001f5d4      0x17a ./Core/Src/sha256.o
 .debug_macro   0x0001f74e      0x1d4 ./Core/Src/stm32l4xx_hal_msp.o
 .debug_macro   0x0001f922      0x1de ./Core/Src/stm32l4xx_it.o
 .debug_macro   0x0001fb00      0x112 ./Core/Src/sysmem.o
 .debug_macro   0x0001fc12      0x23c ./Core/Src/sysmem.o
 .debug_macro   0x0001fe4e      0x1c5 ./Core/Src/system_stm32l4xx.o
 .debug_macro   0x00020013      0x20d ./Drivers/STM32L4xx_HAL_Driver/Src/stm32l4xx_hal.o
 .debug_macro   0x00020220      0x1c5 ./Drivers/STM32L4xx_HAL_Driver/Src/stm32l4xx_hal_cortex.o
 .debug_macro   0x000203e5      0x1c5 ./Drivers/STM32L4xx_HAL_Driver/Src/stm32l4xx_hal_dma.o
 .debug_macro   0x000205aa      0x1cc ./Drivers/STM32L4xx_HAL_Driver/Src/stm32l4xx_hal_gpio.o
 .debug_macro   0x00020776      0x1dd ./Drivers/STM32L4xx_HAL_Driver/Src/stm32l4xx_hal_pwr.o
 .debug_macro   0x00020953      0x1e9 ./Drivers/STM32L4xx_HAL_Driver/Src/stm32l4xx_hal_pwr_ex.o
 .debug_macro   0x00020b3c      0x207 ./Drivers/STM32L4xx_HAL_Driver/Src/stm32l4xx_hal_rcc.o
 .debug_macro   0x00020d43      0x1fb ./Drivers/STM32L4xx_HAL_Driver/Src/stm32l4xx_hal_rcc_ex.o
 .debug_macro   0x00020f3e      0x1d8 ./Drivers/STM32L4xx_HAL_Driver/Src/stm32l4xx_hal_rng.o
 .debug_macro   0x00021116      0x1f0 ./Drivers/STM32L4xx_HAL_Driver/Src/stm32l4xx_hal_uart.o
 .debug_macro   0x00021306      0x1c5 ./Drivers/STM32L4xx_HAL_Driver/Src/stm32l4xx_hal_uart_ex.o

.debug_line     0x00000000    0x12e33
 .debug_line    0x00000000     0x152b ./Core/Src/esp32_bridge.o
 .debug_line    0x0000152b      0x91a ./Core/Src/keypad.o
 .debug_line    0x00001e45     0x1ac4 ./Core/Src/main.o
 .debug_line    0x00003909     0x1560 ./Core/Src/r307.o
 .debug_line    0x00004e69      0x9e6 ./Core/Src/sha256.o
 .debug_line    0x0000584f      0x96e ./Core/Src/stm32l4xx_hal_msp.o
 .debug_line    0x000061bd      0x920 ./Core/Src/stm32l4xx_it.o
 .debug_line    0x00006add      0x72c ./Core/Src/sysmem.o
 .debug_line    0x00007209      0x884 ./Core/Src/system_stm32l4xx.o
 .debug_line    0x00007a8d       0x7a ./Core/Startup/startup_stm32l432kcux.o
 .debug_line    0x00007b07      0xb51 ./Drivers/STM32L4xx_HAL_Driver/Src/stm32l4xx_hal.o
 .debug_line    0x00008658      0xd87 ./Drivers/STM32L4xx_HAL_Driver/Src/stm32l4xx_hal_cortex.o
 .debug_line    0x000093df      0xda1 ./Drivers/STM32L4xx_HAL_Driver/Src/stm32l4xx_hal_dma.o
 .debug_line    0x0000a180      0xbc3 ./Drivers/STM32L4xx_HAL_Driver/Src/stm32l4xx_hal_gpio.o
 .debug_line    0x0000ad43      0x9b7 ./Drivers/STM32L4xx_HAL_Driver/Src/stm32l4xx_hal_pwr.o
 .debug_line    0x0000b6fa      0xcd5 ./Drivers/STM32L4xx_HAL_Driver/Src/stm32l4xx_hal_pwr_ex.o
 .debug_line    0x0000c3cf     0x118f ./Drivers/STM32L4xx_HAL_Driver/Src/stm32l4xx_hal_rcc.o
 .debug_line    0x0000d55e     0x1411 ./Drivers/STM32L4xx_HAL_Driver/Src/stm32l4xx_hal_rcc_ex.o
 .debug_line    0x0000e96f      0xa9e ./Drivers/STM32L4xx_HAL_Driver/Src/stm32l4xx_hal_rng.o
 .debug_line    0x0000f40d     0x2da3 ./Drivers/STM32L4xx_HAL_Driver/Src/stm32l4xx_hal_uart.o
 .debug_line    0x000121b0      0xc83 ./Drivers/STM32L4xx_HAL_Driver/Src/stm32l4xx_hal_uart_ex.o

.debug_str      0x00000000    0xc3a62
 .debug_str     0x00000000    0xc3a62 ./Core/Src/esp32_bridge.o
                              0xbe75e (size before relaxing)
 .debug_str     0x000c3a62        0x0 ./Core/Src/keypad.o
                              0xba6c2 (size before relaxing)
 .debug_str     0x000c3a62        0x0 ./Core/Src/main.o
                              0xc05b7 (size before relaxing)
 .debug_str     0x000c3a62        0x0 ./Core/Src/r307.o
                              0xbe142 (size before relaxing)
 .debug_str     0x000c3a62        0x0 ./Core/Src/sha256.o
                               0x754e (size before relaxing)
 .debug_str     0x000c3a62        0x0 ./Core/Src/stm32l4xx_hal_msp.o
                              0xbb0cd (size before relaxing)
 .debug_str     0x000c3a62        0x0 ./Core/Src/stm32l4xx_it.o
                              0xba912 (size before relaxing)
 .debug_str     0x000c3a62        0x0 ./Core/Src/sysmem.o
                               0x7782 (size before relaxing)
 .debug_str     0x000c3a62        0x0 ./Core/Src/system_stm32l4xx.o
                              0xba4d8 (size before relaxing)
 .debug_str     0x000c3a62        0x0 ./Core/Startup/startup_stm32l432kcux.o
                                 0x84 (size before relaxing)
 .debug_str     0x000c3a62        0x0 ./Drivers/STM32L4xx_HAL_Driver/Src/stm32l4xx_hal.o
                              0xbae7a (size before relaxing)